// Jest Snapshot v1, https://goo.gl/fbAQLP

exports[`WaitingArea should render properly 1`] = `
"<Fragment>
  <Header title=\\"Ludo\\" />
  <div className=\\"jsx-2871010629 waiting-area\\">
    <p className=\\"jsx-2871010629 gameid\\">
      Game Id : 1
    </p>
    <ul className=\\"jsx-2871010629 players-info\\">
      <li className=\\"jsx-2871010629\\">
        1
        .
         has joined
      </li>
    </ul>
    <Loader />
    <JSXStyle id=\\"2871010629\\">
      .
      w
      a
      i
      t
      i
      n
      g
      -
      a
      r
      e
      a
      .
      j
      s
      x
      -
      2
      8
      7
      1
      0
      1
      0
      6
      2
      9
      {
      d
      i
      s
      p
      l
      a
      y
      :
      -
      w
      e
      b
      k
      i
      t
      -
      b
      o
      x
      ;
      d
      i
      s
      p
      l
      a
      y
      :
      -
      w
      e
      b
      k
      i
      t
      -
      f
      l
      e
      x
      ;
      d
      i
      s
      p
      l
      a
      y
      :
      -
      m
      s
      -
      f
      l
      e
      x
      b
      o
      x
      ;
      d
      i
      s
      p
      l
      a
      y
      :
      f
      l
      e
      x
      ;
      -
      w
      e
      b
      k
      i
      t
      -
      f
      l
      e
      x
      -
      d
      i
      r
      e
      c
      t
      i
      o
      n
      :
      c
      o
      l
      u
      m
      n
      ;
      -
      m
      s
      -
      f
      l
      e
      x
      -
      d
      i
      r
      e
      c
      t
      i
      o
      n
      :
      c
      o
      l
      u
      m
      n
      ;
      f
      l
      e
      x
      -
      d
      i
      r
      e
      c
      t
      i
      o
      n
      :
      c
      o
      l
      u
      m
      n
      ;
      h
      e
      i
      g
      h
      t
      :
      7
      2
      0
      p
      x
      ;
      w
      i
      d
      t
      h
      :
      1
      0
      0
      %
      ;
      b
      a
      c
      k
      g
      r
      o
      u
      n
      d
      :
      #
      d
      f
      d
      f
      d
      f
      ;
      -
      w
      e
      b
      k
      i
      t
      -
      a
      l
      i
      g
      n
      -
      i
      t
      e
      m
      s
      :
      c
      e
      n
      t
      e
      r
      ;
      -
      w
      e
      b
      k
      i
      t
      -
      b
      o
      x
      -
      a
      l
      i
      g
      n
      :
      c
      e
      n
      t
      e
      r
      ;
      -
      m
      s
      -
      f
      l
      e
      x
      -
      a
      l
      i
      g
      n
      :
      c
      e
      n
      t
      e
      r
      ;
      a
      l
      i
      g
      n
      -
      i
      t
      e
      m
      s
      :
      c
      e
      n
      t
      e
      r
      ;
      p
      a
      d
      d
      i
      n
      g
      :
      2
      0
      p
      x
      ;
      }
      .
      g
      a
      m
      e
      i
      d
      .
      j
      s
      x
      -
      2
      8
      7
      1
      0
      1
      0
      6
      2
      9
      {
      f
      o
      n
      t
      -
      s
      i
      z
      e
      :
      4
      0
      p
      x
      ;
      t
      e
      x
      t
      -
      a
      l
      i
      g
      n
      :
      c
      e
      n
      t
      e
      r
      ;
      c
      o
      l
      o
      r
      :
      b
      l
      a
      c
      k
      ;
      }
      .
      p
      l
      a
      y
      e
      r
      -
      i
      n
      f
      o
      .
      j
      s
      x
      -
      2
      8
      7
      1
      0
      1
      0
      6
      2
      9
      {
      f
      o
      n
      t
      -
      s
      i
      z
      e
      :
      2
      0
      p
      x
      ;
      h
      e
      i
      g
      h
      t
      :
      5
      0
      p
      x
      ;
      t
      e
      x
      t
      -
      a
      l
      i
      g
      n
      :
      c
      e
      n
      t
      e
      r
      ;
      }
      u
      l
      .
      j
      s
      x
      -
      2
      8
      7
      1
      0
      1
      0
      6
      2
      9
      {
      p
      a
      d
      d
      i
      n
      g
      :
      0
      ;
      f
      o
      n
      t
      -
      s
      i
      z
      e
      :
      3
      0
      p
      x
      ;
      t
      e
      x
      t
      -
      a
      l
      i
      g
      n
      :
      c
      e
      n
      t
      e
      r
      ;
      c
      o
      l
      o
      r
      :
      b
      l
      a
      c
      k
      ;
      w
      i
      d
      t
      h
      :
      3
      0
      0
      p
      x
      ;
      b
      o
      r
      d
      e
      r
      -
      r
      a
      d
      i
      u
      s
      :
      2
      p
      x
      ;
      b
      o
      r
      d
      e
      r
      :
      1
      p
      x
       
      s
      o
      l
      i
      d
       
      b
      l
      a
      c
      k
      ;
      }
    </JSXStyle>
  </div>
</Fragment>"
`;
