// Jest Snapshot v1, https://goo.gl/fbAQLP

exports[`Game should render properly 1`] = `
"<Game gameData={{...}} playerId={1} gameId={1}>
  <div className=\\"jsx-1204485959 body\\">
    <GameHeader playerName=\\"\\" gameId={-1}>
      <header className=\\"jsx-85980497\\">
        <div id=\\"player_name\\" className=\\"jsx-85980497\\">
          Hi 
          !
        </div>
        <div id=\\"title\\" className=\\"jsx-85980497\\">
          LUDO
        </div>
        <div className=\\"jsx-85980497 controls\\">
          <button type=\\"button\\" onClick={[Function: saveGameHandler]} className=\\"jsx-85980497\\">
            Save Game
          </button>
          <button type=\\"button\\" onClick={[Function: saveGameHandler]} className=\\"jsx-85980497\\">
            Activity Log
          </button>
        </div>
        <JSXStyle id=\\"85980497\\" />
      </header>
    </GameHeader>
    <Log log=\\"\\">
      <div className=\\"jsx-2287264609 log\\">
        <JSXStyle id=\\"2287264609\\" />
      </div>
    </Log>
    <section className=\\"jsx-1204485959 main_container\\">
      <section className=\\"jsx-1204485959 player_row\\">
        <Player player={{...}} turn={false} alignment=\\"left\\" onRollDice={[Function: rollDice]} diceValue={1} isWindowPlayer={true}>
          <div className=\\"jsx-763601141 container left window  undefined\\">
            <div className=\\"jsx-763601141 left-section\\">
              <div className=\\"jsx-763601141 player-name\\" />
              <div className=\\"jsx-763601141 stat\\">
                4 coin(s) to win
              </div>
            </div>
            <div className=\\"jsx-763601141 right-section\\">
              <div className=\\"jsx-763601141 box\\" />
            </div>
            <JSXStyle id=\\"763601141\\" />
          </div>
        </Player>
        <CoinContainer nutralCoins={{...}} color=\\"red\\" showCoins={true} gameData={{...}} playerId={1}>
          <div className=\\"jsx-2350788877 coin_container\\">
            <div className=\\"jsx-2350788877 container-border\\">
              <div className=\\"jsx-2350788877 container_row\\">
                <div className=\\"jsx-2350788877 coin red\\">
                  <JSXStyle id=\\"2350788877\\" />
                </div>
                <div className=\\"jsx-2350788877 coin red\\">
                  <JSXStyle id=\\"2350788877\\" />
                </div>
              </div>
              <div className=\\"jsx-2350788877 container_row\\">
                <div className=\\"jsx-2350788877 coin red\\">
                  <JSXStyle id=\\"2350788877\\" />
                </div>
                <div className=\\"jsx-2350788877 coin red\\">
                  <JSXStyle id=\\"2350788877\\" />
                </div>
              </div>
            </div>
            <JSXStyle id=\\"2350788877\\" />
          </div>
        </CoinContainer>
        <CellRow className=\\"cell_row\\" cellId={[undefined]} color=\\"blue\\" containerClass=\\"\\" gameData={{...}} playerId={1}>
          <div className=\\"jsx-2616575202 \\">
            <div className=\\"jsx-2616575202 cell_row\\">
              <Cell id={1} className=\\"cell \\" gameData={{...}} playerId={1}>
                <div id={1} className=\\"jsx-1130221686 cell \\">
                  <JSXStyle id=\\"1130221686\\" />
                </div>
              </Cell>
              <Cell id={2} className=\\"cell \\" gameData={{...}} playerId={1}>
                <div id={2} className=\\"jsx-1130221686 cell \\">
                  <JSXStyle id=\\"1130221686\\" />
                </div>
              </Cell>
              <Cell id={3} className=\\"cell \\" gameData={{...}} playerId={1}>
                <div id={3} className=\\"jsx-1130221686 cell \\">
                  <JSXStyle id=\\"1130221686\\" />
                </div>
              </Cell>
            </div>
            <div className=\\"jsx-2616575202 cell_row\\">
              <Cell id={4} className=\\"cell \\" gameData={{...}} playerId={1}>
                <div id={4} className=\\"jsx-1130221686 cell \\">
                  <JSXStyle id=\\"1130221686\\" />
                </div>
              </Cell>
              <Cell id={5} className=\\"cell  blue\\" gameData={{...}} playerId={1}>
                <div id={5} className=\\"jsx-1130221686 cell  blue\\">
                  <JSXStyle id=\\"1130221686\\" />
                </div>
              </Cell>
              <Cell id={6} className=\\"cell  blue safe-cell\\" gameData={{...}} playerId={1}>
                <div id={6} className=\\"jsx-1130221686 cell  blue safe-cell\\">
                  <JSXStyle id=\\"1130221686\\" />
                </div>
              </Cell>
            </div>
            <div className=\\"jsx-2616575202 cell_row\\">
              <Cell id={7} className=\\"cell  safe-cell\\" gameData={{...}} playerId={1}>
                <div id={7} className=\\"jsx-1130221686 cell  safe-cell\\">
                  <JSXStyle id=\\"1130221686\\" />
                </div>
              </Cell>
              <Cell id={8} className=\\"cell  blue\\" gameData={{...}} playerId={1}>
                <div id={8} className=\\"jsx-1130221686 cell  blue\\">
                  <JSXStyle id=\\"1130221686\\" />
                </div>
              </Cell>
              <Cell id={9} className=\\"cell \\" gameData={{...}} playerId={1}>
                <div id={9} className=\\"jsx-1130221686 cell \\">
                  <JSXStyle id=\\"1130221686\\" />
                </div>
              </Cell>
            </div>
            <div className=\\"jsx-2616575202 cell_row\\">
              <Cell id={10} className=\\"cell \\" gameData={{...}} playerId={1}>
                <div id={10} className=\\"jsx-1130221686 cell \\">
                  <JSXStyle id=\\"1130221686\\" />
                </div>
              </Cell>
              <Cell id={11} className=\\"cell  blue\\" gameData={{...}} playerId={1}>
                <div id={11} className=\\"jsx-1130221686 cell  blue\\">
                  <JSXStyle id=\\"1130221686\\" />
                </div>
              </Cell>
              <Cell id={12} className=\\"cell \\" gameData={{...}} playerId={1}>
                <div id={12} className=\\"jsx-1130221686 cell \\">
                  <JSXStyle id=\\"1130221686\\" />
                </div>
              </Cell>
            </div>
            <div className=\\"jsx-2616575202 cell_row\\">
              <Cell id={13} className=\\"cell \\" gameData={{...}} playerId={1}>
                <div id={13} className=\\"jsx-1130221686 cell \\">
                  <JSXStyle id=\\"1130221686\\" />
                </div>
              </Cell>
              <Cell id={14} className=\\"cell  blue\\" gameData={{...}} playerId={1}>
                <div id={14} className=\\"jsx-1130221686 cell  blue\\">
                  <JSXStyle id=\\"1130221686\\" />
                </div>
              </Cell>
              <Cell id={15} className=\\"cell \\" gameData={{...}} playerId={1}>
                <div id={15} className=\\"jsx-1130221686 cell \\">
                  <JSXStyle id=\\"1130221686\\" />
                </div>
              </Cell>
            </div>
            <div className=\\"jsx-2616575202 cell_row\\">
              <Cell id={16} className=\\"cell \\" gameData={{...}} playerId={1}>
                <div id={16} className=\\"jsx-1130221686 cell \\">
                  <JSXStyle id=\\"1130221686\\" />
                </div>
              </Cell>
              <Cell id={17} className=\\"cell  blue\\" gameData={{...}} playerId={1}>
                <div id={17} className=\\"jsx-1130221686 cell  blue\\">
                  <JSXStyle id=\\"1130221686\\" />
                </div>
              </Cell>
              <Cell id={18} className=\\"cell \\" gameData={{...}} playerId={1}>
                <div id={18} className=\\"jsx-1130221686 cell \\">
                  <JSXStyle id=\\"1130221686\\" />
                </div>
              </Cell>
            </div>
            <JSXStyle id=\\"2616575202\\" />
          </div>
        </CellRow>
        <CoinContainer nutralCoins={{...}} color=\\"blue\\" showCoins={true} gameData={{...}} playerId={1}>
          <div className=\\"jsx-2350788877 coin_container\\">
            <div className=\\"jsx-2350788877 container-border\\">
              <div className=\\"jsx-2350788877 container_row\\">
                <div className=\\"jsx-2350788877 coin blue\\">
                  <JSXStyle id=\\"2350788877\\" />
                </div>
                <div className=\\"jsx-2350788877 coin blue\\">
                  <JSXStyle id=\\"2350788877\\" />
                </div>
              </div>
              <div className=\\"jsx-2350788877 container_row\\">
                <div className=\\"jsx-2350788877 coin blue\\">
                  <JSXStyle id=\\"2350788877\\" />
                </div>
                <div className=\\"jsx-2350788877 coin blue\\">
                  <JSXStyle id=\\"2350788877\\" />
                </div>
              </div>
            </div>
            <JSXStyle id=\\"2350788877\\" />
          </div>
        </CoinContainer>
        <Player player={{...}} turn={false} alignment=\\"right\\" onRollDice={[Function: rollDice]} diceValue={1} isWindowPlayer={true}>
          <div className=\\"jsx-763601141 container right window  undefined\\">
            <div className=\\"jsx-763601141 left-section\\">
              <div className=\\"jsx-763601141 player-name\\" />
              <div className=\\"jsx-763601141 stat\\">
                4 coin(s) to win
              </div>
            </div>
            <div className=\\"jsx-763601141 right-section\\">
              <div className=\\"jsx-763601141 box\\" />
            </div>
            <JSXStyle id=\\"763601141\\" />
          </div>
        </Player>
      </section>
      <div className=\\"jsx-1204485959 board_middle_row\\">
        <CellRow className=\\"cell_column\\" cellId={[undefined]} color=\\"red\\" containerClass=\\"cell_column_container\\" gameData={{...}} playerId={1}>
          <div className=\\"jsx-2616575202 cell_column_container\\">
            <div className=\\"jsx-2616575202 cell_column\\">
              <Cell id={19} className=\\"cell \\" gameData={{...}} playerId={1}>
                <div id={19} className=\\"jsx-1130221686 cell \\">
                  <JSXStyle id=\\"1130221686\\" />
                </div>
              </Cell>
              <Cell id={20} className=\\"cell \\" gameData={{...}} playerId={1}>
                <div id={20} className=\\"jsx-1130221686 cell \\">
                  <JSXStyle id=\\"1130221686\\" />
                </div>
              </Cell>
              <Cell id={21} className=\\"cell \\" gameData={{...}} playerId={1}>
                <div id={21} className=\\"jsx-1130221686 cell \\">
                  <JSXStyle id=\\"1130221686\\" />
                </div>
              </Cell>
            </div>
            <div className=\\"jsx-2616575202 cell_column\\">
              <Cell id={22} className=\\"cell  red safe-cell\\" gameData={{...}} playerId={1}>
                <div id={22} className=\\"jsx-1130221686 cell  red safe-cell\\">
                  <JSXStyle id=\\"1130221686\\" />
                </div>
              </Cell>
              <Cell id={23} className=\\"cell  red\\" gameData={{...}} playerId={1}>
                <div id={23} className=\\"jsx-1130221686 cell  red\\">
                  <JSXStyle id=\\"1130221686\\" />
                </div>
              </Cell>
              <Cell id={24} className=\\"cell \\" gameData={{...}} playerId={1}>
                <div id={24} className=\\"jsx-1130221686 cell \\">
                  <JSXStyle id=\\"1130221686\\" />
                </div>
              </Cell>
            </div>
            <div className=\\"jsx-2616575202 cell_column\\">
              <Cell id={25} className=\\"cell \\" gameData={{...}} playerId={1}>
                <div id={25} className=\\"jsx-1130221686 cell \\">
                  <JSXStyle id=\\"1130221686\\" />
                </div>
              </Cell>
              <Cell id={26} className=\\"cell  red\\" gameData={{...}} playerId={1}>
                <div id={26} className=\\"jsx-1130221686 cell  red\\">
                  <JSXStyle id=\\"1130221686\\" />
                </div>
              </Cell>
              <Cell id={27} className=\\"cell  safe-cell\\" gameData={{...}} playerId={1}>
                <div id={27} className=\\"jsx-1130221686 cell  safe-cell\\">
                  <JSXStyle id=\\"1130221686\\" />
                </div>
              </Cell>
            </div>
            <div className=\\"jsx-2616575202 cell_column\\">
              <Cell id={28} className=\\"cell \\" gameData={{...}} playerId={1}>
                <div id={28} className=\\"jsx-1130221686 cell \\">
                  <JSXStyle id=\\"1130221686\\" />
                </div>
              </Cell>
              <Cell id={29} className=\\"cell  red\\" gameData={{...}} playerId={1}>
                <div id={29} className=\\"jsx-1130221686 cell  red\\">
                  <JSXStyle id=\\"1130221686\\" />
                </div>
              </Cell>
              <Cell id={30} className=\\"cell \\" gameData={{...}} playerId={1}>
                <div id={30} className=\\"jsx-1130221686 cell \\">
                  <JSXStyle id=\\"1130221686\\" />
                </div>
              </Cell>
            </div>
            <div className=\\"jsx-2616575202 cell_column\\">
              <Cell id={31} className=\\"cell \\" gameData={{...}} playerId={1}>
                <div id={31} className=\\"jsx-1130221686 cell \\">
                  <JSXStyle id=\\"1130221686\\" />
                </div>
              </Cell>
              <Cell id={32} className=\\"cell  red\\" gameData={{...}} playerId={1}>
                <div id={32} className=\\"jsx-1130221686 cell  red\\">
                  <JSXStyle id=\\"1130221686\\" />
                </div>
              </Cell>
              <Cell id={33} className=\\"cell \\" gameData={{...}} playerId={1}>
                <div id={33} className=\\"jsx-1130221686 cell \\">
                  <JSXStyle id=\\"1130221686\\" />
                </div>
              </Cell>
            </div>
            <div className=\\"jsx-2616575202 cell_column\\">
              <Cell id={34} className=\\"cell \\" gameData={{...}} playerId={1}>
                <div id={34} className=\\"jsx-1130221686 cell \\">
                  <JSXStyle id=\\"1130221686\\" />
                </div>
              </Cell>
              <Cell id={35} className=\\"cell  red\\" gameData={{...}} playerId={1}>
                <div id={35} className=\\"jsx-1130221686 cell  red\\">
                  <JSXStyle id=\\"1130221686\\" />
                </div>
              </Cell>
              <Cell id={36} className=\\"cell \\" gameData={{...}} playerId={1}>
                <div id={36} className=\\"jsx-1130221686 cell \\">
                  <JSXStyle id=\\"1130221686\\" />
                </div>
              </Cell>
            </div>
            <JSXStyle id=\\"2616575202\\" />
          </div>
        </CellRow>
        <div className=\\"jsx-1204485959 clear_coins_container\\" />
        <CellRow className=\\"cell_column\\" cellId={[undefined]} color=\\"yellow\\" containerClass=\\"cell_column_container\\" gameData={{...}} playerId={1}>
          <div className=\\"jsx-2616575202 cell_column_container\\">
            <div className=\\"jsx-2616575202 cell_column\\">
              <Cell id={37} className=\\"cell \\" gameData={{...}} playerId={1}>
                <div id={37} className=\\"jsx-1130221686 cell \\">
                  <JSXStyle id=\\"1130221686\\" />
                </div>
              </Cell>
              <Cell id={38} className=\\"cell  yellow\\" gameData={{...}} playerId={1}>
                <div id={38} className=\\"jsx-1130221686 cell  yellow\\">
                  <JSXStyle id=\\"1130221686\\" />
                </div>
              </Cell>
              <Cell id={39} className=\\"cell \\" gameData={{...}} playerId={1}>
                <div id={39} className=\\"jsx-1130221686 cell \\">
                  <JSXStyle id=\\"1130221686\\" />
                </div>
              </Cell>
            </div>
            <div className=\\"jsx-2616575202 cell_column\\">
              <Cell id={40} className=\\"cell \\" gameData={{...}} playerId={1}>
                <div id={40} className=\\"jsx-1130221686 cell \\">
                  <JSXStyle id=\\"1130221686\\" />
                </div>
              </Cell>
              <Cell id={41} className=\\"cell  yellow\\" gameData={{...}} playerId={1}>
                <div id={41} className=\\"jsx-1130221686 cell  yellow\\">
                  <JSXStyle id=\\"1130221686\\" />
                </div>
              </Cell>
              <Cell id={42} className=\\"cell \\" gameData={{...}} playerId={1}>
                <div id={42} className=\\"jsx-1130221686 cell \\">
                  <JSXStyle id=\\"1130221686\\" />
                </div>
              </Cell>
            </div>
            <div className=\\"jsx-2616575202 cell_column\\">
              <Cell id={43} className=\\"cell \\" gameData={{...}} playerId={1}>
                <div id={43} className=\\"jsx-1130221686 cell \\">
                  <JSXStyle id=\\"1130221686\\" />
                </div>
              </Cell>
              <Cell id={44} className=\\"cell  yellow\\" gameData={{...}} playerId={1}>
                <div id={44} className=\\"jsx-1130221686 cell  yellow\\">
                  <JSXStyle id=\\"1130221686\\" />
                </div>
              </Cell>
              <Cell id={45} className=\\"cell \\" gameData={{...}} playerId={1}>
                <div id={45} className=\\"jsx-1130221686 cell \\">
                  <JSXStyle id=\\"1130221686\\" />
                </div>
              </Cell>
            </div>
            <div className=\\"jsx-2616575202 cell_column\\">
              <Cell id={46} className=\\"cell  safe-cell\\" gameData={{...}} playerId={1}>
                <div id={46} className=\\"jsx-1130221686 cell  safe-cell\\">
                  <JSXStyle id=\\"1130221686\\" />
                </div>
              </Cell>
              <Cell id={47} className=\\"cell  yellow\\" gameData={{...}} playerId={1}>
                <div id={47} className=\\"jsx-1130221686 cell  yellow\\">
                  <JSXStyle id=\\"1130221686\\" />
                </div>
              </Cell>
              <Cell id={48} className=\\"cell \\" gameData={{...}} playerId={1}>
                <div id={48} className=\\"jsx-1130221686 cell \\">
                  <JSXStyle id=\\"1130221686\\" />
                </div>
              </Cell>
            </div>
            <div className=\\"jsx-2616575202 cell_column\\">
              <Cell id={49} className=\\"cell \\" gameData={{...}} playerId={1}>
                <div id={49} className=\\"jsx-1130221686 cell \\">
                  <JSXStyle id=\\"1130221686\\" />
                </div>
              </Cell>
              <Cell id={50} className=\\"cell  yellow\\" gameData={{...}} playerId={1}>
                <div id={50} className=\\"jsx-1130221686 cell  yellow\\">
                  <JSXStyle id=\\"1130221686\\" />
                </div>
              </Cell>
              <Cell id={51} className=\\"cell  yellow safe-cell\\" gameData={{...}} playerId={1}>
                <div id={51} className=\\"jsx-1130221686 cell  yellow safe-cell\\">
                  <JSXStyle id=\\"1130221686\\" />
                </div>
              </Cell>
            </div>
            <div className=\\"jsx-2616575202 cell_column\\">
              <Cell id={52} className=\\"cell \\" gameData={{...}} playerId={1}>
                <div id={52} className=\\"jsx-1130221686 cell \\">
                  <JSXStyle id=\\"1130221686\\" />
                </div>
              </Cell>
              <Cell id={53} className=\\"cell \\" gameData={{...}} playerId={1}>
                <div id={53} className=\\"jsx-1130221686 cell \\">
                  <JSXStyle id=\\"1130221686\\" />
                </div>
              </Cell>
              <Cell id={54} className=\\"cell \\" gameData={{...}} playerId={1}>
                <div id={54} className=\\"jsx-1130221686 cell \\">
                  <JSXStyle id=\\"1130221686\\" />
                </div>
              </Cell>
            </div>
            <JSXStyle id=\\"2616575202\\" />
          </div>
        </CellRow>
      </div>
      <section className=\\"jsx-1204485959 player_row\\">
        <Player player={{...}} turn={false} alignment=\\"left\\" onRollDice={[Function: rollDice]} diceValue={1} isWindowPlayer={true}>
          <div className=\\"jsx-763601141 container left window  undefined\\">
            <div className=\\"jsx-763601141 left-section\\">
              <div className=\\"jsx-763601141 player-name\\" />
              <div className=\\"jsx-763601141 stat\\">
                4 coin(s) to win
              </div>
            </div>
            <div className=\\"jsx-763601141 right-section\\">
              <div className=\\"jsx-763601141 box\\" />
            </div>
            <JSXStyle id=\\"763601141\\" />
          </div>
        </Player>
        <CoinContainer nutralCoins={{...}} color=\\"green\\" showCoins={true} gameData={{...}} playerId={1}>
          <div className=\\"jsx-2350788877 coin_container\\">
            <div className=\\"jsx-2350788877 container-border\\">
              <div className=\\"jsx-2350788877 container_row\\">
                <div className=\\"jsx-2350788877 coin green\\">
                  <JSXStyle id=\\"2350788877\\" />
                </div>
                <div className=\\"jsx-2350788877 coin green\\">
                  <JSXStyle id=\\"2350788877\\" />
                </div>
              </div>
              <div className=\\"jsx-2350788877 container_row\\">
                <div className=\\"jsx-2350788877 coin green\\">
                  <JSXStyle id=\\"2350788877\\" />
                </div>
                <div className=\\"jsx-2350788877 coin green\\">
                  <JSXStyle id=\\"2350788877\\" />
                </div>
              </div>
            </div>
            <JSXStyle id=\\"2350788877\\" />
          </div>
        </CoinContainer>
        <CellRow className=\\"cell_row\\" cellId={[undefined]} color=\\"green\\" containerClass=\\"\\" gameData={{...}} playerId={1}>
          <div className=\\"jsx-2616575202 \\">
            <div className=\\"jsx-2616575202 cell_row\\">
              <Cell id={55} className=\\"cell \\" gameData={{...}} playerId={1}>
                <div id={55} className=\\"jsx-1130221686 cell \\">
                  <JSXStyle id=\\"1130221686\\" />
                </div>
              </Cell>
              <Cell id={56} className=\\"cell  green\\" gameData={{...}} playerId={1}>
                <div id={56} className=\\"jsx-1130221686 cell  green\\">
                  <JSXStyle id=\\"1130221686\\" />
                </div>
              </Cell>
              <Cell id={57} className=\\"cell \\" gameData={{...}} playerId={1}>
                <div id={57} className=\\"jsx-1130221686 cell \\">
                  <JSXStyle id=\\"1130221686\\" />
                </div>
              </Cell>
            </div>
            <div className=\\"jsx-2616575202 cell_row\\">
              <Cell id={58} className=\\"cell \\" gameData={{...}} playerId={1}>
                <div id={58} className=\\"jsx-1130221686 cell \\">
                  <JSXStyle id=\\"1130221686\\" />
                </div>
              </Cell>
              <Cell id={59} className=\\"cell  green\\" gameData={{...}} playerId={1}>
                <div id={59} className=\\"jsx-1130221686 cell  green\\">
                  <JSXStyle id=\\"1130221686\\" />
                </div>
              </Cell>
              <Cell id={60} className=\\"cell \\" gameData={{...}} playerId={1}>
                <div id={60} className=\\"jsx-1130221686 cell \\">
                  <JSXStyle id=\\"1130221686\\" />
                </div>
              </Cell>
            </div>
            <div className=\\"jsx-2616575202 cell_row\\">
              <Cell id={61} className=\\"cell \\" gameData={{...}} playerId={1}>
                <div id={61} className=\\"jsx-1130221686 cell \\">
                  <JSXStyle id=\\"1130221686\\" />
                </div>
              </Cell>
              <Cell id={62} className=\\"cell  green\\" gameData={{...}} playerId={1}>
                <div id={62} className=\\"jsx-1130221686 cell  green\\">
                  <JSXStyle id=\\"1130221686\\" />
                </div>
              </Cell>
              <Cell id={63} className=\\"cell \\" gameData={{...}} playerId={1}>
                <div id={63} className=\\"jsx-1130221686 cell \\">
                  <JSXStyle id=\\"1130221686\\" />
                </div>
              </Cell>
            </div>
            <div className=\\"jsx-2616575202 cell_row\\">
              <Cell id={64} className=\\"cell \\" gameData={{...}} playerId={1}>
                <div id={64} className=\\"jsx-1130221686 cell \\">
                  <JSXStyle id=\\"1130221686\\" />
                </div>
              </Cell>
              <Cell id={65} className=\\"cell  green\\" gameData={{...}} playerId={1}>
                <div id={65} className=\\"jsx-1130221686 cell  green\\">
                  <JSXStyle id=\\"1130221686\\" />
                </div>
              </Cell>
              <Cell id={66} className=\\"cell  safe-cell\\" gameData={{...}} playerId={1}>
                <div id={66} className=\\"jsx-1130221686 cell  safe-cell\\">
                  <JSXStyle id=\\"1130221686\\" />
                </div>
              </Cell>
            </div>
            <div className=\\"jsx-2616575202 cell_row\\">
              <Cell id={67} className=\\"cell  green safe-cell\\" gameData={{...}} playerId={1}>
                <div id={67} className=\\"jsx-1130221686 cell  green safe-cell\\">
                  <JSXStyle id=\\"1130221686\\" />
                </div>
              </Cell>
              <Cell id={68} className=\\"cell  green\\" gameData={{...}} playerId={1}>
                <div id={68} className=\\"jsx-1130221686 cell  green\\">
                  <JSXStyle id=\\"1130221686\\" />
                </div>
              </Cell>
              <Cell id={69} className=\\"cell \\" gameData={{...}} playerId={1}>
                <div id={69} className=\\"jsx-1130221686 cell \\">
                  <JSXStyle id=\\"1130221686\\" />
                </div>
              </Cell>
            </div>
            <div className=\\"jsx-2616575202 cell_row\\">
              <Cell id={70} className=\\"cell \\" gameData={{...}} playerId={1}>
                <div id={70} className=\\"jsx-1130221686 cell \\">
                  <JSXStyle id=\\"1130221686\\" />
                </div>
              </Cell>
              <Cell id={71} className=\\"cell \\" gameData={{...}} playerId={1}>
                <div id={71} className=\\"jsx-1130221686 cell \\">
                  <JSXStyle id=\\"1130221686\\" />
                </div>
              </Cell>
              <Cell id={72} className=\\"cell \\" gameData={{...}} playerId={1}>
                <div id={72} className=\\"jsx-1130221686 cell \\">
                  <JSXStyle id=\\"1130221686\\" />
                </div>
              </Cell>
            </div>
            <JSXStyle id=\\"2616575202\\" />
          </div>
        </CellRow>
        <CoinContainer nutralCoins={{...}} color=\\"yellow\\" showCoins={true} gameData={{...}} playerId={1}>
          <div className=\\"jsx-2350788877 coin_container\\">
            <div className=\\"jsx-2350788877 container-border\\">
              <div className=\\"jsx-2350788877 container_row\\">
                <div className=\\"jsx-2350788877 coin yellow\\">
                  <JSXStyle id=\\"2350788877\\" />
                </div>
                <div className=\\"jsx-2350788877 coin yellow\\">
                  <JSXStyle id=\\"2350788877\\" />
                </div>
              </div>
              <div className=\\"jsx-2350788877 container_row\\">
                <div className=\\"jsx-2350788877 coin yellow\\">
                  <JSXStyle id=\\"2350788877\\" />
                </div>
                <div className=\\"jsx-2350788877 coin yellow\\">
                  <JSXStyle id=\\"2350788877\\" />
                </div>
              </div>
            </div>
            <JSXStyle id=\\"2350788877\\" />
          </div>
        </CoinContainer>
        <Player player={{...}} turn={false} alignment=\\"right\\" onRollDice={[Function: rollDice]} diceValue={1} isWindowPlayer={true}>
          <div className=\\"jsx-763601141 container right window  undefined\\">
            <div className=\\"jsx-763601141 left-section\\">
              <div className=\\"jsx-763601141 player-name\\" />
              <div className=\\"jsx-763601141 stat\\">
                4 coin(s) to win
              </div>
            </div>
            <div className=\\"jsx-763601141 right-section\\">
              <div className=\\"jsx-763601141 box\\" />
            </div>
            <JSXStyle id=\\"763601141\\" />
          </div>
        </Player>
      </section>
    </section>
    <JSXStyle id=\\"1204485959\\" />
  </div>
</Game>"
`;
