// Jest Snapshot v1, https://goo.gl/fbAQLP

exports[`Game should render properly 1`] = `
"<Game gameData={{...}} playerId={1} gameId={1}>
  <div className=\\"jsx-1772502628 body\\">
    <GameHeader playerName=\\"\\">
      <header className=\\"jsx-186861727\\">
        <div id=\\"title\\" className=\\"jsx-186861727\\">
          Ludo
        </div>
        <div id=\\"player_name\\" className=\\"jsx-186861727\\">
          Hi 
          !
        </div>
        <JSXStyle id=\\"186861727\\" />
      </header>
    </GameHeader>
    <section className=\\"jsx-1772502628 main_container\\">
      <section className=\\"jsx-1772502628 player_row\\">
        <Player name=\\"dummy\\" turn={false} alignment=\\"left\\" onRollDice={[Function: rollDice]} diceValue={1} coins={{...}}>
          <div className=\\"jsx-3876423128 container left\\">
            <div className=\\"jsx-3876423128 left-section\\">
              <div className=\\"jsx-3876423128 player-name\\">
                dummy
              </div>
              <div className=\\"jsx-3876423128 stat\\">
                0 coins cleared
              </div>
            </div>
            <div className=\\"jsx-3876423128 right-section\\">
              <div className=\\"jsx-3876423128 box\\" />
              <div className=\\"jsx-3876423128 box\\" />
              <div className=\\"jsx-3876423128 box\\" />
              <div className=\\"jsx-3876423128 box\\" />
            </div>
            <JSXStyle id=\\"3876423128\\" />
          </div>
        </Player>
        <CoinContainer nutralCoins={{...}} color=\\"red\\" showCoins={true}>
          <div className=\\"jsx-3789763585 coin_container\\">
            <div className=\\"jsx-3789763585 container-border\\">
              <div className=\\"jsx-3789763585 container_row\\">
                <div className=\\"jsx-3789763585 coin red\\">
                  <Coin color=\\"red\\">
                    <div className=\\"jsx-2045488686 coin dark_red\\">
                      <JSXStyle id=\\"2045488686\\" />
                    </div>
                  </Coin>
                  <JSXStyle id=\\"3789763585\\" />
                </div>
                <div className=\\"jsx-3789763585 coin red\\">
                  <JSXStyle id=\\"3789763585\\" />
                </div>
              </div>
              <div className=\\"jsx-3789763585 container_row\\">
                <div className=\\"jsx-3789763585 coin red\\">
                  <JSXStyle id=\\"3789763585\\" />
                </div>
                <div className=\\"jsx-3789763585 coin red\\">
                  <JSXStyle id=\\"3789763585\\" />
                </div>
              </div>
            </div>
            <JSXStyle id=\\"3789763585\\" />
          </div>
        </CoinContainer>
        <CellRow className=\\"cell_row\\" cellId={[undefined]} color=\\"blue\\" containerClass=\\"\\">
          <div className=\\"jsx-2616575202 \\">
            <div className=\\"jsx-2616575202 cell_row\\">
              <Cell id={1} className=\\"cell \\">
                <div id={1} className=\\"jsx-2833566901 cell \\">
                  <JSXStyle id=\\"2833566901\\" />
                </div>
              </Cell>
              <Cell id={2} className=\\"cell \\">
                <div id={2} className=\\"jsx-2833566901 cell \\">
                  <JSXStyle id=\\"2833566901\\" />
                </div>
              </Cell>
              <Cell id={3} className=\\"cell \\">
                <div id={3} className=\\"jsx-2833566901 cell \\">
                  <JSXStyle id=\\"2833566901\\" />
                </div>
              </Cell>
            </div>
            <div className=\\"jsx-2616575202 cell_row\\">
              <Cell id={4} className=\\"cell \\">
                <div id={4} className=\\"jsx-2833566901 cell \\">
                  <JSXStyle id=\\"2833566901\\" />
                </div>
              </Cell>
              <Cell id={5} className=\\"cell  blue\\">
                <div id={5} className=\\"jsx-2833566901 cell  blue\\">
                  <JSXStyle id=\\"2833566901\\" />
                </div>
              </Cell>
              <Cell id={6} className=\\"cell  blue safe-cell\\">
                <div id={6} className=\\"jsx-2833566901 cell  blue safe-cell\\">
                  <JSXStyle id=\\"2833566901\\" />
                </div>
              </Cell>
            </div>
            <div className=\\"jsx-2616575202 cell_row\\">
              <Cell id={7} className=\\"cell  safe-cell\\">
                <div id={7} className=\\"jsx-2833566901 cell  safe-cell\\">
                  <JSXStyle id=\\"2833566901\\" />
                </div>
              </Cell>
              <Cell id={8} className=\\"cell  blue\\">
                <div id={8} className=\\"jsx-2833566901 cell  blue\\">
                  <JSXStyle id=\\"2833566901\\" />
                </div>
              </Cell>
              <Cell id={9} className=\\"cell \\">
                <div id={9} className=\\"jsx-2833566901 cell \\">
                  <JSXStyle id=\\"2833566901\\" />
                </div>
              </Cell>
            </div>
            <div className=\\"jsx-2616575202 cell_row\\">
              <Cell id={10} className=\\"cell \\">
                <div id={10} className=\\"jsx-2833566901 cell \\">
                  <JSXStyle id=\\"2833566901\\" />
                </div>
              </Cell>
              <Cell id={11} className=\\"cell  blue\\">
                <div id={11} className=\\"jsx-2833566901 cell  blue\\">
                  <JSXStyle id=\\"2833566901\\" />
                </div>
              </Cell>
              <Cell id={12} className=\\"cell \\">
                <div id={12} className=\\"jsx-2833566901 cell \\">
                  <JSXStyle id=\\"2833566901\\" />
                </div>
              </Cell>
            </div>
            <div className=\\"jsx-2616575202 cell_row\\">
              <Cell id={13} className=\\"cell \\">
                <div id={13} className=\\"jsx-2833566901 cell \\">
                  <JSXStyle id=\\"2833566901\\" />
                </div>
              </Cell>
              <Cell id={14} className=\\"cell  blue\\">
                <div id={14} className=\\"jsx-2833566901 cell  blue\\">
                  <JSXStyle id=\\"2833566901\\" />
                </div>
              </Cell>
              <Cell id={15} className=\\"cell \\">
                <div id={15} className=\\"jsx-2833566901 cell \\">
                  <JSXStyle id=\\"2833566901\\" />
                </div>
              </Cell>
            </div>
            <div className=\\"jsx-2616575202 cell_row\\">
              <Cell id={16} className=\\"cell \\">
                <div id={16} className=\\"jsx-2833566901 cell \\">
                  <JSXStyle id=\\"2833566901\\" />
                </div>
              </Cell>
              <Cell id={17} className=\\"cell  blue\\">
                <div id={17} className=\\"jsx-2833566901 cell  blue\\">
                  <JSXStyle id=\\"2833566901\\" />
                </div>
              </Cell>
              <Cell id={18} className=\\"cell \\">
                <div id={18} className=\\"jsx-2833566901 cell \\">
                  <JSXStyle id=\\"2833566901\\" />
                </div>
              </Cell>
            </div>
            <JSXStyle id=\\"2616575202\\" />
          </div>
        </CellRow>
        <CoinContainer nutralCoins={{...}} color=\\"blue\\" showCoins={true}>
          <div className=\\"jsx-3789763585 coin_container\\">
            <div className=\\"jsx-3789763585 container-border\\">
              <div className=\\"jsx-3789763585 container_row\\">
                <div className=\\"jsx-3789763585 coin blue\\">
                  <Coin color=\\"blue\\">
                    <div className=\\"jsx-2045488686 coin dark_blue\\">
                      <JSXStyle id=\\"2045488686\\" />
                    </div>
                  </Coin>
                  <JSXStyle id=\\"3789763585\\" />
                </div>
                <div className=\\"jsx-3789763585 coin blue\\">
                  <JSXStyle id=\\"3789763585\\" />
                </div>
              </div>
              <div className=\\"jsx-3789763585 container_row\\">
                <div className=\\"jsx-3789763585 coin blue\\">
                  <JSXStyle id=\\"3789763585\\" />
                </div>
                <div className=\\"jsx-3789763585 coin blue\\">
                  <JSXStyle id=\\"3789763585\\" />
                </div>
              </div>
            </div>
            <JSXStyle id=\\"3789763585\\" />
          </div>
        </CoinContainer>
        <Player name=\\"dummy\\" turn={false} alignment=\\"right\\" onRollDice={[Function: rollDice]} diceValue={1} coins={{...}}>
          <div className=\\"jsx-3876423128 container right\\">
            <div className=\\"jsx-3876423128 left-section\\">
              <div className=\\"jsx-3876423128 player-name\\">
                dummy
              </div>
              <div className=\\"jsx-3876423128 stat\\">
                0 coins cleared
              </div>
            </div>
            <div className=\\"jsx-3876423128 right-section\\">
              <div className=\\"jsx-3876423128 box\\" />
              <div className=\\"jsx-3876423128 box\\" />
              <div className=\\"jsx-3876423128 box\\" />
              <div className=\\"jsx-3876423128 box\\" />
            </div>
            <JSXStyle id=\\"3876423128\\" />
          </div>
        </Player>
      </section>
      <div className=\\"jsx-1772502628 board_middle_row\\">
        <CellRow className=\\"cell_column\\" cellId={[undefined]} color=\\"red\\" containerClass=\\"cell_column_container\\">
          <div className=\\"jsx-2616575202 cell_column_container\\">
            <div className=\\"jsx-2616575202 cell_column\\">
              <Cell id={19} className=\\"cell \\">
                <div id={19} className=\\"jsx-2833566901 cell \\">
                  <JSXStyle id=\\"2833566901\\" />
                </div>
              </Cell>
              <Cell id={20} className=\\"cell \\">
                <div id={20} className=\\"jsx-2833566901 cell \\">
                  <JSXStyle id=\\"2833566901\\" />
                </div>
              </Cell>
              <Cell id={21} className=\\"cell \\">
                <div id={21} className=\\"jsx-2833566901 cell \\">
                  <JSXStyle id=\\"2833566901\\" />
                </div>
              </Cell>
            </div>
            <div className=\\"jsx-2616575202 cell_column\\">
              <Cell id={22} className=\\"cell  red safe-cell\\">
                <div id={22} className=\\"jsx-2833566901 cell  red safe-cell\\">
                  <JSXStyle id=\\"2833566901\\" />
                </div>
              </Cell>
              <Cell id={23} className=\\"cell  red\\">
                <div id={23} className=\\"jsx-2833566901 cell  red\\">
                  <JSXStyle id=\\"2833566901\\" />
                </div>
              </Cell>
              <Cell id={24} className=\\"cell \\">
                <div id={24} className=\\"jsx-2833566901 cell \\">
                  <JSXStyle id=\\"2833566901\\" />
                </div>
              </Cell>
            </div>
            <div className=\\"jsx-2616575202 cell_column\\">
              <Cell id={25} className=\\"cell \\">
                <div id={25} className=\\"jsx-2833566901 cell \\">
                  <JSXStyle id=\\"2833566901\\" />
                </div>
              </Cell>
              <Cell id={26} className=\\"cell  red\\">
                <div id={26} className=\\"jsx-2833566901 cell  red\\">
                  <JSXStyle id=\\"2833566901\\" />
                </div>
              </Cell>
              <Cell id={27} className=\\"cell  safe-cell\\">
                <div id={27} className=\\"jsx-2833566901 cell  safe-cell\\">
                  <JSXStyle id=\\"2833566901\\" />
                </div>
              </Cell>
            </div>
            <div className=\\"jsx-2616575202 cell_column\\">
              <Cell id={28} className=\\"cell \\">
                <div id={28} className=\\"jsx-2833566901 cell \\">
                  <JSXStyle id=\\"2833566901\\" />
                </div>
              </Cell>
              <Cell id={29} className=\\"cell  red\\">
                <div id={29} className=\\"jsx-2833566901 cell  red\\">
                  <JSXStyle id=\\"2833566901\\" />
                </div>
              </Cell>
              <Cell id={30} className=\\"cell \\">
                <div id={30} className=\\"jsx-2833566901 cell \\">
                  <JSXStyle id=\\"2833566901\\" />
                </div>
              </Cell>
            </div>
            <div className=\\"jsx-2616575202 cell_column\\">
              <Cell id={31} className=\\"cell \\">
                <div id={31} className=\\"jsx-2833566901 cell \\">
                  <JSXStyle id=\\"2833566901\\" />
                </div>
              </Cell>
              <Cell id={32} className=\\"cell  red\\">
                <div id={32} className=\\"jsx-2833566901 cell  red\\">
                  <JSXStyle id=\\"2833566901\\" />
                </div>
              </Cell>
              <Cell id={33} className=\\"cell \\">
                <div id={33} className=\\"jsx-2833566901 cell \\">
                  <JSXStyle id=\\"2833566901\\" />
                </div>
              </Cell>
            </div>
            <div className=\\"jsx-2616575202 cell_column\\">
              <Cell id={34} className=\\"cell \\">
                <div id={34} className=\\"jsx-2833566901 cell \\">
                  <JSXStyle id=\\"2833566901\\" />
                </div>
              </Cell>
              <Cell id={35} className=\\"cell  red\\">
                <div id={35} className=\\"jsx-2833566901 cell  red\\">
                  <JSXStyle id=\\"2833566901\\" />
                </div>
              </Cell>
              <Cell id={36} className=\\"cell \\">
                <div id={36} className=\\"jsx-2833566901 cell \\">
                  <JSXStyle id=\\"2833566901\\" />
                </div>
              </Cell>
            </div>
            <JSXStyle id=\\"2616575202\\" />
          </div>
        </CellRow>
        <div className=\\"jsx-1772502628 clear_coins_container\\" />
        <CellRow className=\\"cell_column\\" cellId={[undefined]} color=\\"yellow\\" containerClass=\\"cell_column_container\\">
          <div className=\\"jsx-2616575202 cell_column_container\\">
            <div className=\\"jsx-2616575202 cell_column\\">
              <Cell id={37} className=\\"cell \\">
                <div id={37} className=\\"jsx-2833566901 cell \\">
                  <JSXStyle id=\\"2833566901\\" />
                </div>
              </Cell>
              <Cell id={38} className=\\"cell  yellow\\">
                <div id={38} className=\\"jsx-2833566901 cell  yellow\\">
                  <JSXStyle id=\\"2833566901\\" />
                </div>
              </Cell>
              <Cell id={39} className=\\"cell \\">
                <div id={39} className=\\"jsx-2833566901 cell \\">
                  <JSXStyle id=\\"2833566901\\" />
                </div>
              </Cell>
            </div>
            <div className=\\"jsx-2616575202 cell_column\\">
              <Cell id={40} className=\\"cell \\">
                <div id={40} className=\\"jsx-2833566901 cell \\">
                  <JSXStyle id=\\"2833566901\\" />
                </div>
              </Cell>
              <Cell id={41} className=\\"cell  yellow\\">
                <div id={41} className=\\"jsx-2833566901 cell  yellow\\">
                  <JSXStyle id=\\"2833566901\\" />
                </div>
              </Cell>
              <Cell id={42} className=\\"cell \\">
                <div id={42} className=\\"jsx-2833566901 cell \\">
                  <JSXStyle id=\\"2833566901\\" />
                </div>
              </Cell>
            </div>
            <div className=\\"jsx-2616575202 cell_column\\">
              <Cell id={43} className=\\"cell \\">
                <div id={43} className=\\"jsx-2833566901 cell \\">
                  <JSXStyle id=\\"2833566901\\" />
                </div>
              </Cell>
              <Cell id={44} className=\\"cell  yellow\\">
                <div id={44} className=\\"jsx-2833566901 cell  yellow\\">
                  <JSXStyle id=\\"2833566901\\" />
                </div>
              </Cell>
              <Cell id={45} className=\\"cell \\">
                <div id={45} className=\\"jsx-2833566901 cell \\">
                  <JSXStyle id=\\"2833566901\\" />
                </div>
              </Cell>
            </div>
            <div className=\\"jsx-2616575202 cell_column\\">
              <Cell id={46} className=\\"cell  safe-cell\\">
                <div id={46} className=\\"jsx-2833566901 cell  safe-cell\\">
                  <JSXStyle id=\\"2833566901\\" />
                </div>
              </Cell>
              <Cell id={47} className=\\"cell  yellow\\">
                <div id={47} className=\\"jsx-2833566901 cell  yellow\\">
                  <JSXStyle id=\\"2833566901\\" />
                </div>
              </Cell>
              <Cell id={48} className=\\"cell \\">
                <div id={48} className=\\"jsx-2833566901 cell \\">
                  <JSXStyle id=\\"2833566901\\" />
                </div>
              </Cell>
            </div>
            <div className=\\"jsx-2616575202 cell_column\\">
              <Cell id={49} className=\\"cell \\">
                <div id={49} className=\\"jsx-2833566901 cell \\">
                  <JSXStyle id=\\"2833566901\\" />
                </div>
              </Cell>
              <Cell id={50} className=\\"cell  yellow\\">
                <div id={50} className=\\"jsx-2833566901 cell  yellow\\">
                  <JSXStyle id=\\"2833566901\\" />
                </div>
              </Cell>
              <Cell id={51} className=\\"cell  yellow safe-cell\\">
                <div id={51} className=\\"jsx-2833566901 cell  yellow safe-cell\\">
                  <JSXStyle id=\\"2833566901\\" />
                </div>
              </Cell>
            </div>
            <div className=\\"jsx-2616575202 cell_column\\">
              <Cell id={52} className=\\"cell \\">
                <div id={52} className=\\"jsx-2833566901 cell \\">
                  <JSXStyle id=\\"2833566901\\" />
                </div>
              </Cell>
              <Cell id={53} className=\\"cell \\">
                <div id={53} className=\\"jsx-2833566901 cell \\">
                  <JSXStyle id=\\"2833566901\\" />
                </div>
              </Cell>
              <Cell id={54} className=\\"cell \\">
                <div id={54} className=\\"jsx-2833566901 cell \\">
                  <JSXStyle id=\\"2833566901\\" />
                </div>
              </Cell>
            </div>
            <JSXStyle id=\\"2616575202\\" />
          </div>
        </CellRow>
      </div>
      <section className=\\"jsx-1772502628 player_row\\">
        <Player name=\\"dummy\\" turn={false} alignment=\\"left\\" onRollDice={[Function: rollDice]} diceValue={1} coins={{...}}>
          <div className=\\"jsx-3876423128 container left\\">
            <div className=\\"jsx-3876423128 left-section\\">
              <div className=\\"jsx-3876423128 player-name\\">
                dummy
              </div>
              <div className=\\"jsx-3876423128 stat\\">
                0 coins cleared
              </div>
            </div>
            <div className=\\"jsx-3876423128 right-section\\">
              <div className=\\"jsx-3876423128 box\\" />
              <div className=\\"jsx-3876423128 box\\" />
              <div className=\\"jsx-3876423128 box\\" />
              <div className=\\"jsx-3876423128 box\\" />
            </div>
            <JSXStyle id=\\"3876423128\\" />
          </div>
        </Player>
        <CoinContainer nutralCoins={{...}} color=\\"green\\" showCoins={true}>
          <div className=\\"jsx-3789763585 coin_container\\">
            <div className=\\"jsx-3789763585 container-border\\">
              <div className=\\"jsx-3789763585 container_row\\">
                <div className=\\"jsx-3789763585 coin green\\">
                  <Coin color=\\"green\\">
                    <div className=\\"jsx-2045488686 coin dark_green\\">
                      <JSXStyle id=\\"2045488686\\" />
                    </div>
                  </Coin>
                  <JSXStyle id=\\"3789763585\\" />
                </div>
                <div className=\\"jsx-3789763585 coin green\\">
                  <JSXStyle id=\\"3789763585\\" />
                </div>
              </div>
              <div className=\\"jsx-3789763585 container_row\\">
                <div className=\\"jsx-3789763585 coin green\\">
                  <JSXStyle id=\\"3789763585\\" />
                </div>
                <div className=\\"jsx-3789763585 coin green\\">
                  <JSXStyle id=\\"3789763585\\" />
                </div>
              </div>
            </div>
            <JSXStyle id=\\"3789763585\\" />
          </div>
        </CoinContainer>
        <CellRow className=\\"cell_row\\" cellId={[undefined]} color=\\"green\\" containerClass=\\"\\">
          <div className=\\"jsx-2616575202 \\">
            <div className=\\"jsx-2616575202 cell_row\\">
              <Cell id={55} className=\\"cell \\">
                <div id={55} className=\\"jsx-2833566901 cell \\">
                  <JSXStyle id=\\"2833566901\\" />
                </div>
              </Cell>
              <Cell id={56} className=\\"cell  green\\">
                <div id={56} className=\\"jsx-2833566901 cell  green\\">
                  <JSXStyle id=\\"2833566901\\" />
                </div>
              </Cell>
              <Cell id={57} className=\\"cell \\">
                <div id={57} className=\\"jsx-2833566901 cell \\">
                  <JSXStyle id=\\"2833566901\\" />
                </div>
              </Cell>
            </div>
            <div className=\\"jsx-2616575202 cell_row\\">
              <Cell id={58} className=\\"cell \\">
                <div id={58} className=\\"jsx-2833566901 cell \\">
                  <JSXStyle id=\\"2833566901\\" />
                </div>
              </Cell>
              <Cell id={59} className=\\"cell  green\\">
                <div id={59} className=\\"jsx-2833566901 cell  green\\">
                  <JSXStyle id=\\"2833566901\\" />
                </div>
              </Cell>
              <Cell id={60} className=\\"cell \\">
                <div id={60} className=\\"jsx-2833566901 cell \\">
                  <JSXStyle id=\\"2833566901\\" />
                </div>
              </Cell>
            </div>
            <div className=\\"jsx-2616575202 cell_row\\">
              <Cell id={61} className=\\"cell \\">
                <div id={61} className=\\"jsx-2833566901 cell \\">
                  <JSXStyle id=\\"2833566901\\" />
                </div>
              </Cell>
              <Cell id={62} className=\\"cell  green\\">
                <div id={62} className=\\"jsx-2833566901 cell  green\\">
                  <JSXStyle id=\\"2833566901\\" />
                </div>
              </Cell>
              <Cell id={63} className=\\"cell \\">
                <div id={63} className=\\"jsx-2833566901 cell \\">
                  <JSXStyle id=\\"2833566901\\" />
                </div>
              </Cell>
            </div>
            <div className=\\"jsx-2616575202 cell_row\\">
              <Cell id={64} className=\\"cell \\">
                <div id={64} className=\\"jsx-2833566901 cell \\">
                  <JSXStyle id=\\"2833566901\\" />
                </div>
              </Cell>
              <Cell id={65} className=\\"cell  green\\">
                <div id={65} className=\\"jsx-2833566901 cell  green\\">
                  <JSXStyle id=\\"2833566901\\" />
                </div>
              </Cell>
              <Cell id={66} className=\\"cell  safe-cell\\">
                <div id={66} className=\\"jsx-2833566901 cell  safe-cell\\">
                  <JSXStyle id=\\"2833566901\\" />
                </div>
              </Cell>
            </div>
            <div className=\\"jsx-2616575202 cell_row\\">
              <Cell id={67} className=\\"cell  green safe-cell\\">
                <div id={67} className=\\"jsx-2833566901 cell  green safe-cell\\">
                  <JSXStyle id=\\"2833566901\\" />
                </div>
              </Cell>
              <Cell id={68} className=\\"cell  green\\">
                <div id={68} className=\\"jsx-2833566901 cell  green\\">
                  <JSXStyle id=\\"2833566901\\" />
                </div>
              </Cell>
              <Cell id={69} className=\\"cell \\">
                <div id={69} className=\\"jsx-2833566901 cell \\">
                  <JSXStyle id=\\"2833566901\\" />
                </div>
              </Cell>
            </div>
            <div className=\\"jsx-2616575202 cell_row\\">
              <Cell id={70} className=\\"cell \\">
                <div id={70} className=\\"jsx-2833566901 cell \\">
                  <JSXStyle id=\\"2833566901\\" />
                </div>
              </Cell>
              <Cell id={71} className=\\"cell \\">
                <div id={71} className=\\"jsx-2833566901 cell \\">
                  <JSXStyle id=\\"2833566901\\" />
                </div>
              </Cell>
              <Cell id={72} className=\\"cell \\">
                <div id={72} className=\\"jsx-2833566901 cell \\">
                  <JSXStyle id=\\"2833566901\\" />
                </div>
              </Cell>
            </div>
            <JSXStyle id=\\"2616575202\\" />
          </div>
        </CellRow>
        <CoinContainer nutralCoins={{...}} color=\\"yellow\\" showCoins={true}>
          <div className=\\"jsx-3789763585 coin_container\\">
            <div className=\\"jsx-3789763585 container-border\\">
              <div className=\\"jsx-3789763585 container_row\\">
                <div className=\\"jsx-3789763585 coin yellow\\">
                  <Coin color=\\"yellow\\">
                    <div className=\\"jsx-2045488686 coin dark_yellow\\">
                      <JSXStyle id=\\"2045488686\\" />
                    </div>
                  </Coin>
                  <JSXStyle id=\\"3789763585\\" />
                </div>
                <div className=\\"jsx-3789763585 coin yellow\\">
                  <JSXStyle id=\\"3789763585\\" />
                </div>
              </div>
              <div className=\\"jsx-3789763585 container_row\\">
                <div className=\\"jsx-3789763585 coin yellow\\">
                  <JSXStyle id=\\"3789763585\\" />
                </div>
                <div className=\\"jsx-3789763585 coin yellow\\">
                  <JSXStyle id=\\"3789763585\\" />
                </div>
              </div>
            </div>
            <JSXStyle id=\\"3789763585\\" />
          </div>
        </CoinContainer>
        <Player name=\\"dummy\\" turn={false} alignment=\\"right\\" onRollDice={[Function: rollDice]} diceValue={1} coins={{...}}>
          <div className=\\"jsx-3876423128 container right\\">
            <div className=\\"jsx-3876423128 left-section\\">
              <div className=\\"jsx-3876423128 player-name\\">
                dummy
              </div>
              <div className=\\"jsx-3876423128 stat\\">
                0 coins cleared
              </div>
            </div>
            <div className=\\"jsx-3876423128 right-section\\">
              <div className=\\"jsx-3876423128 box\\" />
              <div className=\\"jsx-3876423128 box\\" />
              <div className=\\"jsx-3876423128 box\\" />
              <div className=\\"jsx-3876423128 box\\" />
            </div>
            <JSXStyle id=\\"3876423128\\" />
          </div>
        </Player>
      </section>
    </section>
    <JSXStyle id=\\"1772502628\\" />
  </div>
</Game>"
`;
