// Jest Snapshot v1, https://goo.gl/fbAQLP

exports[`JoinGame should render properly 1`] = `
"<form method=\\"POST\\" action=\\"joinGame\\">
  <input type=\\"text\\" name=\\"name\\" placeholder=\\"name\\" />
  <input type=\\"number\\" name=\\"gameId\\" placeholder=\\"gameId\\" />
  <input type=\\"submit\\" />
</form>"
`;
