// Jest Snapshot v1, https://goo.gl/fbAQLP

exports[`JoinGame should render properly 1`] = `
"<div className=\\"jsx-3176596909 container\\">
  <Header title=\\"Ludo\\" />
  <div className=\\"jsx-3176596909 form-container\\">
    <form method=\\"POST\\" action=\\"/joinGame\\" className=\\"jsx-3176596909\\">
      <div className=\\"jsx-3176596909 activity-header\\">
        Join Game
      </div>
      <input type=\\"text\\" name=\\"playerName\\" placeholder=\\"name\\" className=\\"jsx-3176596909\\" />
      <input type=\\"number\\" name=\\"gameId\\" placeholder=\\"gameId\\" className=\\"jsx-3176596909\\" />
      <input type=\\"submit\\" value=\\"Join Game\\" className=\\"jsx-3176596909\\" />
    </form>
  </div>
  <JSXStyle id=\\"3176596909\\">
    .
    f
    o
    r
    m
    -
    c
    o
    n
    t
    a
    i
    n
    e
    r
    .
    j
    s
    x
    -
    3
    1
    7
    6
    5
    9
    6
    9
    0
    9
    {
    d
    i
    s
    p
    l
    a
    y
    :
    -
    w
    e
    b
    k
    i
    t
    -
    b
    o
    x
    ;
    d
    i
    s
    p
    l
    a
    y
    :
    -
    w
    e
    b
    k
    i
    t
    -
    f
    l
    e
    x
    ;
    d
    i
    s
    p
    l
    a
    y
    :
    -
    m
    s
    -
    f
    l
    e
    x
    b
    o
    x
    ;
    d
    i
    s
    p
    l
    a
    y
    :
    f
    l
    e
    x
    ;
    -
    w
    e
    b
    k
    i
    t
    -
    b
    o
    x
    -
    p
    a
    c
    k
    :
    c
    e
    n
    t
    e
    r
    ;
    -
    w
    e
    b
    k
    i
    t
    -
    j
    u
    s
    t
    i
    f
    y
    -
    c
    o
    n
    t
    e
    n
    t
    :
    c
    e
    n
    t
    e
    r
    ;
    -
    m
    s
    -
    f
    l
    e
    x
    -
    p
    a
    c
    k
    :
    c
    e
    n
    t
    e
    r
    ;
    j
    u
    s
    t
    i
    f
    y
    -
    c
    o
    n
    t
    e
    n
    t
    :
    c
    e
    n
    t
    e
    r
    ;
    -
    w
    e
    b
    k
    i
    t
    -
    a
    l
    i
    g
    n
    -
    i
    t
    e
    m
    s
    :
    c
    e
    n
    t
    e
    r
    ;
    -
    w
    e
    b
    k
    i
    t
    -
    b
    o
    x
    -
    a
    l
    i
    g
    n
    :
    c
    e
    n
    t
    e
    r
    ;
    -
    m
    s
    -
    f
    l
    e
    x
    -
    a
    l
    i
    g
    n
    :
    c
    e
    n
    t
    e
    r
    ;
    a
    l
    i
    g
    n
    -
    i
    t
    e
    m
    s
    :
    c
    e
    n
    t
    e
    r
    ;
    h
    e
    i
    g
    h
    t
    :
    6
    6
    0
    p
    x
    ;
    }
    f
    o
    r
    m
    .
    j
    s
    x
    -
    3
    1
    7
    6
    5
    9
    6
    9
    0
    9
    {
    d
    i
    s
    p
    l
    a
    y
    :
    -
    w
    e
    b
    k
    i
    t
    -
    b
    o
    x
    ;
    d
    i
    s
    p
    l
    a
    y
    :
    -
    w
    e
    b
    k
    i
    t
    -
    f
    l
    e
    x
    ;
    d
    i
    s
    p
    l
    a
    y
    :
    -
    m
    s
    -
    f
    l
    e
    x
    b
    o
    x
    ;
    d
    i
    s
    p
    l
    a
    y
    :
    f
    l
    e
    x
    ;
    h
    e
    i
    g
    h
    t
    :
    5
    5
    0
    p
    x
    ;
    w
    i
    d
    t
    h
    :
    3
    5
    0
    p
    x
    ;
    -
    w
    e
    b
    k
    i
    t
    -
    f
    l
    e
    x
    -
    d
    i
    r
    e
    c
    t
    i
    o
    n
    :
    c
    o
    l
    u
    m
    n
    ;
    -
    m
    s
    -
    f
    l
    e
    x
    -
    d
    i
    r
    e
    c
    t
    i
    o
    n
    :
    c
    o
    l
    u
    m
    n
    ;
    f
    l
    e
    x
    -
    d
    i
    r
    e
    c
    t
    i
    o
    n
    :
    c
    o
    l
    u
    m
    n
    ;
    -
    w
    e
    b
    k
    i
    t
    -
    b
    o
    x
    -
    p
    a
    c
    k
    :
    c
    e
    n
    t
    e
    r
    ;
    -
    w
    e
    b
    k
    i
    t
    -
    j
    u
    s
    t
    i
    f
    y
    -
    c
    o
    n
    t
    e
    n
    t
    :
    c
    e
    n
    t
    e
    r
    ;
    -
    m
    s
    -
    f
    l
    e
    x
    -
    p
    a
    c
    k
    :
    c
    e
    n
    t
    e
    r
    ;
    j
    u
    s
    t
    i
    f
    y
    -
    c
    o
    n
    t
    e
    n
    t
    :
    c
    e
    n
    t
    e
    r
    ;
    -
    w
    e
    b
    k
    i
    t
    -
    a
    l
    i
    g
    n
    -
    i
    t
    e
    m
    s
    :
    c
    e
    n
    t
    e
    r
    ;
    -
    w
    e
    b
    k
    i
    t
    -
    b
    o
    x
    -
    a
    l
    i
    g
    n
    :
    c
    e
    n
    t
    e
    r
    ;
    -
    m
    s
    -
    f
    l
    e
    x
    -
    a
    l
    i
    g
    n
    :
    c
    e
    n
    t
    e
    r
    ;
    a
    l
    i
    g
    n
    -
    i
    t
    e
    m
    s
    :
    c
    e
    n
    t
    e
    r
    ;
    b
    a
    c
    k
    g
    r
    o
    u
    n
    d
    :
    w
    h
    i
    t
    e
    ;
    b
    o
    r
    d
    e
    r
    :
    1
    p
    x
     
    s
    o
    l
    i
    d
     
    #
    3
    9
    3
    e
    4
    6
    ;
    f
    o
    n
    t
    -
    f
    a
    m
    i
    l
    y
    :
    &#39;
    U
    b
    u
    n
    t
    u
    &#39;
    ,
    s
    a
    n
    s
    -
    s
    e
    r
    i
    f
    ;
    }
    f
    o
    r
    m
    .
    j
    s
    x
    -
    3
    1
    7
    6
    5
    9
    6
    9
    0
    9
    &gt;
    i
    n
    p
    u
    t
    .
    j
    s
    x
    -
    3
    1
    7
    6
    5
    9
    6
    9
    0
    9
    {
    b
    a
    c
    k
    g
    r
    o
    u
    n
    d
    :
    #
    e
    e
    e
    e
    e
    e
    ;
    w
    i
    d
    t
    h
    :
    2
    0
    0
    p
    x
    ;
    h
    e
    i
    g
    h
    t
    :
    3
    0
    p
    x
    ;
    b
    o
    r
    d
    e
    r
    :
    1
    p
    x
     
    s
    o
    l
    i
    d
     
    #
    2
    2
    2
    8
    3
    1
    ;
    c
    o
    l
    o
    r
    :
    b
    l
    a
    c
    k
    ;
    t
    e
    x
    t
    -
    a
    l
    i
    g
    n
    :
    c
    e
    n
    t
    e
    r
    ;
    l
    i
    n
    e
    -
    h
    e
    i
    g
    h
    t
    :
    2
    ;
    -
    w
    e
    b
    k
    i
    t
    -
    t
    e
    x
    t
    -
    d
    e
    c
    o
    r
    a
    t
    i
    o
    n
    :
    n
    o
    n
    e
    ;
    t
    e
    x
    t
    -
    d
    e
    c
    o
    r
    a
    t
    i
    o
    n
    :
    n
    o
    n
    e
    ;
    p
    a
    d
    d
    i
    n
    g
    :
    5
    p
    x
    ;
    m
    a
    r
    g
    i
    n
    :
    5
    p
    x
    ;
    b
    o
    r
    d
    e
    r
    -
    r
    a
    d
    i
    u
    s
    :
    2
    p
    x
    ;
    f
    o
    n
    t
    -
    f
    a
    m
    i
    l
    y
    :
    &#39;
    U
    b
    u
    n
    t
    u
    &#39;
    ,
    s
    a
    n
    s
    -
    s
    e
    r
    i
    f
    ;
    }
    f
    o
    r
    m
    .
    j
    s
    x
    -
    3
    1
    7
    6
    5
    9
    6
    9
    0
    9
    &gt;
    i
    n
    p
    u
    t
    .
    j
    s
    x
    -
    3
    1
    7
    6
    5
    9
    6
    9
    0
    9
    :
    h
    o
    v
    e
    r
    {
    b
    a
    c
    k
    g
    r
    o
    u
    n
    d
    :
    w
    h
    i
    t
    e
    ;
    }
    .
    a
    c
    t
    i
    v
    i
    t
    y
    -
    h
    e
    a
    d
    e
    r
    .
    j
    s
    x
    -
    3
    1
    7
    6
    5
    9
    6
    9
    0
    9
    {
    f
    o
    n
    t
    -
    s
    i
    z
    e
    :
    3
    0
    p
    x
    ;
    }
  </JSXStyle>
</div>"
`;
