// Jest Snapshot v1, https://goo.gl/fbAQLP

exports[`GameHeader should render properly 1`] = `
"<header className=\\"jsx-186861727\\">
  <div id=\\"title\\" className=\\"jsx-186861727\\" />
  <div id=\\"player_name\\" className=\\"jsx-186861727\\" />
  <JSXStyle id=\\"186861727\\">
    h
    e
    a
    d
    e
    r
    .
    j
    s
    x
    -
    1
    8
    6
    8
    6
    1
    7
    2
    7
    {
    d
    i
    s
    p
    l
    a
    y
    :
    -
    w
    e
    b
    k
    i
    t
    -
    b
    o
    x
    ;
    d
    i
    s
    p
    l
    a
    y
    :
    -
    w
    e
    b
    k
    i
    t
    -
    f
    l
    e
    x
    ;
    d
    i
    s
    p
    l
    a
    y
    :
    -
    m
    s
    -
    f
    l
    e
    x
    b
    o
    x
    ;
    d
    i
    s
    p
    l
    a
    y
    :
    f
    l
    e
    x
    ;
    -
    w
    e
    b
    k
    i
    t
    -
    b
    o
    x
    -
    p
    a
    c
    k
    :
    j
    u
    s
    t
    i
    f
    y
    ;
    -
    w
    e
    b
    k
    i
    t
    -
    j
    u
    s
    t
    i
    f
    y
    -
    c
    o
    n
    t
    e
    n
    t
    :
    s
    p
    a
    c
    e
    -
    b
    e
    t
    w
    e
    e
    n
    ;
    -
    m
    s
    -
    f
    l
    e
    x
    -
    p
    a
    c
    k
    :
    j
    u
    s
    t
    i
    f
    y
    ;
    j
    u
    s
    t
    i
    f
    y
    -
    c
    o
    n
    t
    e
    n
    t
    :
    s
    p
    a
    c
    e
    -
    b
    e
    t
    w
    e
    e
    n
    ;
    p
    a
    d
    d
    i
    n
    g
    :
    2
    0
    p
    x
    ;
    f
    o
    n
    t
    -
    s
    i
    z
    e
    :
    2
    0
    p
    x
    ;
    b
    a
    c
    k
    g
    r
    o
    u
    n
    d
    :
    #
    f
    4
    f
    3
    f
    3
    ;
    b
    o
    r
    d
    e
    r
    -
    b
    o
    t
    t
    o
    m
    :
    1
    p
    x
     
    s
    o
    l
    i
    d
     
    #
    c
    c
    c
    1
    c
    1
    ;
    }
  </JSXStyle>
</header>"
`;
