// Jest Snapshot v1, https://goo.gl/fbAQLP

exports[`GameHeader should render properly 1`] = `
"<header className=\\"jsx-85980497\\">
  <div id=\\"player_name\\" className=\\"jsx-85980497\\">
    Hi 
    !
  </div>
  <div id=\\"title\\" className=\\"jsx-85980497\\">
    LUDO
  </div>
  <div className=\\"jsx-85980497 controls\\">
    <button type=\\"button\\" onClick={[Function: saveGameHandler]} className=\\"jsx-85980497\\">
      Save Game
    </button>
    <button type=\\"button\\" onClick={[Function: saveGameHandler]} className=\\"jsx-85980497\\">
      Activity Log
    </button>
  </div>
  <JSXStyle id=\\"85980497\\">
    h
    e
    a
    d
    e
    r
    .
    j
    s
    x
    -
    8
    5
    9
    8
    0
    4
    9
    7
    {
    f
    o
    n
    t
    -
    f
    a
    m
    i
    l
    y
    :
    &#39;
    U
    b
    u
    n
    t
    u
    &#39;
    ,
    s
    a
    n
    s
    -
    s
    e
    r
    i
    f
    ;
    d
    i
    s
    p
    l
    a
    y
    :
    -
    w
    e
    b
    k
    i
    t
    -
    b
    o
    x
    ;
    d
    i
    s
    p
    l
    a
    y
    :
    -
    w
    e
    b
    k
    i
    t
    -
    f
    l
    e
    x
    ;
    d
    i
    s
    p
    l
    a
    y
    :
    -
    m
    s
    -
    f
    l
    e
    x
    b
    o
    x
    ;
    d
    i
    s
    p
    l
    a
    y
    :
    f
    l
    e
    x
    ;
    -
    w
    e
    b
    k
    i
    t
    -
    b
    o
    x
    -
    p
    a
    c
    k
    :
    j
    u
    s
    t
    i
    f
    y
    ;
    -
    w
    e
    b
    k
    i
    t
    -
    j
    u
    s
    t
    i
    f
    y
    -
    c
    o
    n
    t
    e
    n
    t
    :
    s
    p
    a
    c
    e
    -
    b
    e
    t
    w
    e
    e
    n
    ;
    -
    m
    s
    -
    f
    l
    e
    x
    -
    p
    a
    c
    k
    :
    j
    u
    s
    t
    i
    f
    y
    ;
    j
    u
    s
    t
    i
    f
    y
    -
    c
    o
    n
    t
    e
    n
    t
    :
    s
    p
    a
    c
    e
    -
    b
    e
    t
    w
    e
    e
    n
    ;
    p
    a
    d
    d
    i
    n
    g
    :
    1
    5
    p
    x
    ;
    f
    o
    n
    t
    -
    s
    i
    z
    e
    :
    2
    5
    p
    x
    ;
    b
    a
    c
    k
    g
    r
    o
    u
    n
    d
    :
    r
    a
    d
    i
    a
    l
    -
    g
    r
    a
    d
    i
    e
    n
    t
    (
     
    e
    l
    l
    i
    p
    s
    e
     
    a
    t
     
    c
    e
    n
    t
    e
    r
    ,
     
    r
    g
    b
    (
    9
    9
    ,
    1
    5
    5
    ,
    1
    5
    5
    )
     
    0
    %
    ,
     
    r
    g
    b
    (
    2
    5
    ,
    4
    1
    ,
    4
    1
    )
     
    9
    9
    %
    ,
     
    r
    g
    b
    (
    6
    9
    ,
    1
    0
    8
    ,
    1
    0
    8
    )
     
    1
    0
    0
    %
     
    )
    ;
    }
    .
    t
    i
    t
    l
    e
    .
    j
    s
    x
    -
    8
    5
    9
    8
    0
    4
    9
    7
    {
    f
    o
    n
    t
    -
    s
    i
    z
    e
    :
    3
    5
    p
    x
    ;
    f
    o
    n
    t
    -
    w
    e
    i
    g
    h
    t
    :
    b
    o
    l
    d
    ;
    }
    .
    c
    o
    n
    t
    r
    o
    l
    s
    .
    j
    s
    x
    -
    8
    5
    9
    8
    0
    4
    9
    7
    {
    d
    i
    s
    p
    l
    a
    y
    :
    -
    w
    e
    b
    k
    i
    t
    -
    b
    o
    x
    ;
    d
    i
    s
    p
    l
    a
    y
    :
    -
    w
    e
    b
    k
    i
    t
    -
    f
    l
    e
    x
    ;
    d
    i
    s
    p
    l
    a
    y
    :
    -
    m
    s
    -
    f
    l
    e
    x
    b
    o
    x
    ;
    d
    i
    s
    p
    l
    a
    y
    :
    f
    l
    e
    x
    ;
    }
    b
    u
    t
    t
    o
    n
    .
    j
    s
    x
    -
    8
    5
    9
    8
    0
    4
    9
    7
    {
    b
    a
    c
    k
    g
    r
    o
    u
    n
    d
    :
    r
    g
    b
    (
    6
    9
    ,
    1
    0
    8
    ,
    1
    0
    8
    )
    ;
    m
    a
    r
    g
    i
    n
    -
    l
    e
    f
    t
    :
    5
    p
    x
    ;
    }
  </JSXStyle>
</header>"
`;
