// Jest Snapshot v1, https://goo.gl/fbAQLP

exports[`Header should render properly 1`] = `
"<div className=\\"jsx-1281771699 header\\">
  title
  <JSXStyle id=\\"1281771699\\">
    .
    h
    e
    a
    d
    e
    r
    .
    j
    s
    x
    -
    1
    2
    8
    1
    7
    7
    1
    6
    9
    9
    {
    f
    o
    n
    t
    -
    f
    a
    m
    i
    l
    y
    :
    &#39;
    T
    r
    e
    b
    u
    c
    h
    e
    t
     
    M
    S
    &#39;
    ,
    &#39;
    L
    u
    c
    i
    d
    a
     
    S
    a
    n
    s
     
    U
    n
    i
    c
    o
    d
    e
    &#39;
    ,
    &#39;
    L
    u
    c
    i
    d
    a
     
    G
    r
    a
    n
    d
    e
    &#39;
    ,
     
    &#39;
    L
    u
    c
    i
    d
    a
     
    S
    a
    n
    s
    &#39;
    ,
    A
    r
    i
    a
    l
    ,
    s
    a
    n
    s
    -
    s
    e
    r
    i
    f
    ;
    f
    o
    n
    t
    -
    s
    i
    z
    e
    :
    5
    0
    p
    x
    ;
    t
    e
    x
    t
    -
    a
    l
    i
    g
    n
    :
    c
    e
    n
    t
    e
    r
    ;
    p
    a
    d
    d
    i
    n
    g
    :
    1
    0
    p
    x
    ;
    b
    o
    r
    d
    e
    r
    -
    b
    o
    t
    t
    o
    m
    :
    1
    p
    x
     
    s
    o
    l
    i
    d
     
    #
    c
    c
    c
    1
    c
    1
    ;
    b
    a
    c
    k
    g
    r
    o
    u
    n
    d
    :
    #
    f
    4
    f
    3
    f
    3
    ;
    c
    o
    l
    o
    r
    :
    b
    l
    a
    c
    k
    ;
    }
  </JSXStyle>
</div>"
`;
