// Jest Snapshot v1, https://goo.gl/fbAQLP

exports[`Heading should render properly 1`] = `
"<div className=\\"jsx-1077168228 h1\\">
  <JSXStyle id=\\"1077168228\\">
    .
    h
    1
    .
    j
    s
    x
    -
    1
    0
    7
    7
    1
    6
    8
    2
    2
    8
    {
    f
    o
    n
    t
    -
    s
    i
    z
    e
    :
    4
    0
    p
    x
    ;
    f
    o
    n
    t
    -
    w
    e
    i
    g
    h
    t
    :
    9
    0
    0
    ;
    t
    e
    x
    t
    -
    a
    l
    i
    g
    n
    :
    c
    e
    n
    t
    e
    r
    ;
    }
  </JSXStyle>
</div>"
`;
