// Jest Snapshot v1, https://goo.gl/fbAQLP

exports[`Heading should render properly 1`] = `
"<div className=\\"jsx-4246811236 h1\\">
  <JSXStyle id=\\"4246811236\\">
    .
    h
    e
    a
    d
    e
    r
    .
    j
    s
    x
    -
    4
    2
    4
    6
    8
    1
    1
    2
    3
    6
    {
    f
    o
    n
    t
    -
    f
    a
    m
    i
    l
    y
    :
    f
    a
    n
    t
    a
    s
    y
    ;
    f
    o
    n
    t
    -
    s
    i
    z
    e
    :
    1
    5
    0
    p
    x
    ;
    t
    e
    x
    t
    -
    a
    l
    i
    g
    n
    :
    c
    e
    n
    t
    e
    r
    ;
    w
    i
    d
    t
    h
    :
    1
    0
    0
    %
    ;
    h
    e
    i
    g
    h
    t
    :
    2
    0
    0
    p
    x
    ;
    b
    a
    c
    k
    g
    r
    o
    u
    n
    d
    :
    #
    2
    2
    2
    8
    3
    1
    ;
    c
    o
    l
    o
    r
    :
    #
    d
    6
    5
    a
    3
    1
    ;
    }
  </JSXStyle>
</div>"
`;
