// Jest Snapshot v1, https://goo.gl/fbAQLP

exports[`CreateGame should render properly 1`] = `
"<form method=\\"POST\\" action=\\"createGame\\" className=\\"jsx-2851547167\\">
  <input type=\\"text\\" name=\\"hostname\\" placeholder=\\"hostname\\" className=\\"jsx-2851547167\\" />
  <input type=\\"number\\" name=\\"numberOfPlayers\\" placeholder=\\"number of players\\" className=\\"jsx-2851547167\\" />
  <input type=\\"submit\\" className=\\"jsx-2851547167\\" />
  <JSXStyle id=\\"2851547167\\">
    f
    o
    r
    m
    .
    j
    s
    x
    -
    2
    8
    5
    1
    5
    4
    7
    1
    6
    7
    {
    w
    i
    d
    t
    h
    :
    2
    0
    0
    p
    x
    ;
    d
    i
    s
    p
    l
    a
    y
    :
    -
    w
    e
    b
    k
    i
    t
    -
    b
    o
    x
    ;
    d
    i
    s
    p
    l
    a
    y
    :
    -
    w
    e
    b
    k
    i
    t
    -
    f
    l
    e
    x
    ;
    d
    i
    s
    p
    l
    a
    y
    :
    -
    m
    s
    -
    f
    l
    e
    x
    b
    o
    x
    ;
    d
    i
    s
    p
    l
    a
    y
    :
    f
    l
    e
    x
    ;
    -
    w
    e
    b
    k
    i
    t
    -
    f
    l
    e
    x
    -
    d
    i
    r
    e
    c
    t
    i
    o
    n
    :
    c
    o
    l
    u
    m
    n
    ;
    -
    m
    s
    -
    f
    l
    e
    x
    -
    d
    i
    r
    e
    c
    t
    i
    o
    n
    :
    c
    o
    l
    u
    m
    n
    ;
    f
    l
    e
    x
    -
    d
    i
    r
    e
    c
    t
    i
    o
    n
    :
    c
    o
    l
    u
    m
    n
    ;
    }
    f
    o
    r
    m
    .
    j
    s
    x
    -
    2
    8
    5
    1
    5
    4
    7
    1
    6
    7
    &gt;
    i
    n
    p
    u
    t
    .
    j
    s
    x
    -
    2
    8
    5
    1
    5
    4
    7
    1
    6
    7
    {
    f
    o
    n
    t
    -
    s
    i
    z
    e
    :
    2
    0
    p
    x
    ;
    }
  </JSXStyle>
</form>"
`;
