// Jest Snapshot v1, https://goo.gl/fbAQLP

exports[`CellRow should render properly 1`] = `
"<div className=\\"jsx-2616575202 \\">
  <div className=\\"jsx-2616575202 \\">
    <Cell id={19} className=\\"cell \\" gameData={{...}} playerId={-1} />
    <Cell id={20} className=\\"cell \\" gameData={{...}} playerId={-1} />
    <Cell id={21} className=\\"cell \\" gameData={{...}} playerId={-1} />
  </div>
  <div className=\\"jsx-2616575202 \\">
    <Cell id={22} className=\\"cell  red safe-cell\\" gameData={{...}} playerId={-1} />
    <Cell id={23} className=\\"cell  red\\" gameData={{...}} playerId={-1} />
    <Cell id={24} className=\\"cell \\" gameData={{...}} playerId={-1} />
  </div>
  <div className=\\"jsx-2616575202 \\">
    <Cell id={25} className=\\"cell \\" gameData={{...}} playerId={-1} />
    <Cell id={26} className=\\"cell  red\\" gameData={{...}} playerId={-1} />
    <Cell id={27} className=\\"cell  safe-cell\\" gameData={{...}} playerId={-1} />
  </div>
  <div className=\\"jsx-2616575202 \\">
    <Cell id={28} className=\\"cell \\" gameData={{...}} playerId={-1} />
    <Cell id={29} className=\\"cell  red\\" gameData={{...}} playerId={-1} />
    <Cell id={30} className=\\"cell \\" gameData={{...}} playerId={-1} />
  </div>
  <div className=\\"jsx-2616575202 \\">
    <Cell id={31} className=\\"cell \\" gameData={{...}} playerId={-1} />
    <Cell id={32} className=\\"cell  red\\" gameData={{...}} playerId={-1} />
    <Cell id={33} className=\\"cell \\" gameData={{...}} playerId={-1} />
  </div>
  <div className=\\"jsx-2616575202 \\">
    <Cell id={34} className=\\"cell \\" gameData={{...}} playerId={-1} />
    <Cell id={35} className=\\"cell  red\\" gameData={{...}} playerId={-1} />
    <Cell id={36} className=\\"cell \\" gameData={{...}} playerId={-1} />
  </div>
  <JSXStyle id=\\"2616575202\\">
    .
    c
    e
    l
    l
    _
    r
    o
    w
    .
    j
    s
    x
    -
    2
    6
    1
    6
    5
    7
    5
    2
    0
    2
    {
    d
    i
    s
    p
    l
    a
    y
    :
    -
    w
    e
    b
    k
    i
    t
    -
    b
    o
    x
    ;
    d
    i
    s
    p
    l
    a
    y
    :
    -
    w
    e
    b
    k
    i
    t
    -
    f
    l
    e
    x
    ;
    d
    i
    s
    p
    l
    a
    y
    :
    -
    m
    s
    -
    f
    l
    e
    x
    b
    o
    x
    ;
    d
    i
    s
    p
    l
    a
    y
    :
    f
    l
    e
    x
    ;
    }
    .
    c
    e
    l
    l
    _
    c
    o
    l
    u
    m
    n
    .
    j
    s
    x
    -
    2
    6
    1
    6
    5
    7
    5
    2
    0
    2
    {
    d
    i
    s
    p
    l
    a
    y
    :
    -
    w
    e
    b
    k
    i
    t
    -
    b
    o
    x
    ;
    d
    i
    s
    p
    l
    a
    y
    :
    -
    w
    e
    b
    k
    i
    t
    -
    f
    l
    e
    x
    ;
    d
    i
    s
    p
    l
    a
    y
    :
    -
    m
    s
    -
    f
    l
    e
    x
    b
    o
    x
    ;
    d
    i
    s
    p
    l
    a
    y
    :
    f
    l
    e
    x
    ;
    -
    w
    e
    b
    k
    i
    t
    -
    f
    l
    e
    x
    -
    d
    i
    r
    e
    c
    t
    i
    o
    n
    :
    c
    o
    l
    u
    m
    n
    ;
    -
    m
    s
    -
    f
    l
    e
    x
    -
    d
    i
    r
    e
    c
    t
    i
    o
    n
    :
    c
    o
    l
    u
    m
    n
    ;
    f
    l
    e
    x
    -
    d
    i
    r
    e
    c
    t
    i
    o
    n
    :
    c
    o
    l
    u
    m
    n
    ;
    }
    .
    c
    e
    l
    l
    _
    c
    o
    l
    u
    m
    n
    _
    c
    o
    n
    t
    a
    i
    n
    e
    r
    .
    j
    s
    x
    -
    2
    6
    1
    6
    5
    7
    5
    2
    0
    2
    {
    d
    i
    s
    p
    l
    a
    y
    :
    -
    w
    e
    b
    k
    i
    t
    -
    b
    o
    x
    ;
    d
    i
    s
    p
    l
    a
    y
    :
    -
    w
    e
    b
    k
    i
    t
    -
    f
    l
    e
    x
    ;
    d
    i
    s
    p
    l
    a
    y
    :
    -
    m
    s
    -
    f
    l
    e
    x
    b
    o
    x
    ;
    d
    i
    s
    p
    l
    a
    y
    :
    f
    l
    e
    x
    ;
    }
  </JSXStyle>
</div>"
`;

exports[`CellRow should render properly with special id 1`] = `
"<div className=\\"jsx-2616575202 \\">
  <div className=\\"jsx-2616575202 \\">
    <Cell id={19} className=\\"cell \\" gameData={{...}} playerId={-1} />
    <Cell id={20} className=\\"cell \\" gameData={{...}} playerId={-1} />
    <Cell id={21} className=\\"cell \\" gameData={{...}} playerId={-1} />
  </div>
  <div className=\\"jsx-2616575202 \\">
    <Cell id={22} className=\\"cell  red safe-cell\\" gameData={{...}} playerId={-1} />
    <Cell id={23} className=\\"cell  red\\" gameData={{...}} playerId={-1} />
    <Cell id={24} className=\\"cell \\" gameData={{...}} playerId={-1} />
  </div>
  <div className=\\"jsx-2616575202 \\">
    <Cell id={25} className=\\"cell \\" gameData={{...}} playerId={-1} />
    <Cell id={26} className=\\"cell  red\\" gameData={{...}} playerId={-1} />
    <Cell id={27} className=\\"cell  safe-cell\\" gameData={{...}} playerId={-1} />
  </div>
  <div className=\\"jsx-2616575202 \\">
    <Cell id={28} className=\\"cell \\" gameData={{...}} playerId={-1} />
    <Cell id={29} className=\\"cell  red\\" gameData={{...}} playerId={-1} />
    <Cell id={30} className=\\"cell \\" gameData={{...}} playerId={-1} />
  </div>
  <div className=\\"jsx-2616575202 \\">
    <Cell id={31} className=\\"cell \\" gameData={{...}} playerId={-1} />
    <Cell id={32} className=\\"cell  red\\" gameData={{...}} playerId={-1} />
    <Cell id={33} className=\\"cell \\" gameData={{...}} playerId={-1} />
  </div>
  <div className=\\"jsx-2616575202 \\">
    <Cell id={34} className=\\"cell \\" gameData={{...}} playerId={-1} />
    <Cell id={35} className=\\"cell  red\\" gameData={{...}} playerId={-1} />
    <Cell id={36} className=\\"cell \\" gameData={{...}} playerId={-1} />
  </div>
  <JSXStyle id=\\"2616575202\\">
    .
    c
    e
    l
    l
    _
    r
    o
    w
    .
    j
    s
    x
    -
    2
    6
    1
    6
    5
    7
    5
    2
    0
    2
    {
    d
    i
    s
    p
    l
    a
    y
    :
    -
    w
    e
    b
    k
    i
    t
    -
    b
    o
    x
    ;
    d
    i
    s
    p
    l
    a
    y
    :
    -
    w
    e
    b
    k
    i
    t
    -
    f
    l
    e
    x
    ;
    d
    i
    s
    p
    l
    a
    y
    :
    -
    m
    s
    -
    f
    l
    e
    x
    b
    o
    x
    ;
    d
    i
    s
    p
    l
    a
    y
    :
    f
    l
    e
    x
    ;
    }
    .
    c
    e
    l
    l
    _
    c
    o
    l
    u
    m
    n
    .
    j
    s
    x
    -
    2
    6
    1
    6
    5
    7
    5
    2
    0
    2
    {
    d
    i
    s
    p
    l
    a
    y
    :
    -
    w
    e
    b
    k
    i
    t
    -
    b
    o
    x
    ;
    d
    i
    s
    p
    l
    a
    y
    :
    -
    w
    e
    b
    k
    i
    t
    -
    f
    l
    e
    x
    ;
    d
    i
    s
    p
    l
    a
    y
    :
    -
    m
    s
    -
    f
    l
    e
    x
    b
    o
    x
    ;
    d
    i
    s
    p
    l
    a
    y
    :
    f
    l
    e
    x
    ;
    -
    w
    e
    b
    k
    i
    t
    -
    f
    l
    e
    x
    -
    d
    i
    r
    e
    c
    t
    i
    o
    n
    :
    c
    o
    l
    u
    m
    n
    ;
    -
    m
    s
    -
    f
    l
    e
    x
    -
    d
    i
    r
    e
    c
    t
    i
    o
    n
    :
    c
    o
    l
    u
    m
    n
    ;
    f
    l
    e
    x
    -
    d
    i
    r
    e
    c
    t
    i
    o
    n
    :
    c
    o
    l
    u
    m
    n
    ;
    }
    .
    c
    e
    l
    l
    _
    c
    o
    l
    u
    m
    n
    _
    c
    o
    n
    t
    a
    i
    n
    e
    r
    .
    j
    s
    x
    -
    2
    6
    1
    6
    5
    7
    5
    2
    0
    2
    {
    d
    i
    s
    p
    l
    a
    y
    :
    -
    w
    e
    b
    k
    i
    t
    -
    b
    o
    x
    ;
    d
    i
    s
    p
    l
    a
    y
    :
    -
    w
    e
    b
    k
    i
    t
    -
    f
    l
    e
    x
    ;
    d
    i
    s
    p
    l
    a
    y
    :
    -
    m
    s
    -
    f
    l
    e
    x
    b
    o
    x
    ;
    d
    i
    s
    p
    l
    a
    y
    :
    f
    l
    e
    x
    ;
    }
  </JSXStyle>
</div>"
`;
