// Jest Snapshot v1, https://goo.gl/fbAQLP

exports[`Coin should render properly 1`] = `
"<button type=\\"button\\" onClick={[Function: changeCoinPosition]} id=\\"_undefined\\" className=\\"jsx-3848599526 coin dark_ \\">
  <JSXStyle id=\\"3848599526\\">
    .
    c
    o
    i
    n
    .
    j
    s
    x
    -
    3
    8
    4
    8
    5
    9
    9
    5
    2
    6
    {
    f
    o
    n
    t
    -
    f
    a
    m
    i
    l
    y
    :
    &#39;
    U
    b
    u
    n
    t
    u
    &#39;
    ,
    s
    a
    n
    s
    -
    s
    e
    r
    i
    f
    ;
    w
    i
    d
    t
    h
    :
    8
    0
    %
    ;
    h
    e
    i
    g
    h
    t
    :
    8
    0
    %
    ;
    b
    o
    r
    d
    e
    r
    -
    r
    a
    d
    i
    u
    s
    :
    5
    0
    %
    ;
    m
    a
    r
    g
    i
    n
    :
    1
    0
    %
    ;
    b
    o
    r
    d
    e
    r
    :
    2
    p
    x
     
    s
    o
    l
    i
    d
     
    #
    1
    0
    2
    c
    1
    f
    b
    5
    ;
    z
    -
    i
    n
    d
    e
    x
    :
    1
    ;
    }
    .
    d
    a
    r
    k
    _
    r
    e
    d
    .
    j
    s
    x
    -
    3
    8
    4
    8
    5
    9
    9
    5
    2
    6
    {
    b
    a
    c
    k
    g
    r
    o
    u
    n
    d
    :
    r
    e
    d
    ;
    }
    .
    d
    a
    r
    k
    _
    g
    r
    e
    e
    n
    .
    j
    s
    x
    -
    3
    8
    4
    8
    5
    9
    9
    5
    2
    6
    {
    b
    a
    c
    k
    g
    r
    o
    u
    n
    d
    :
    g
    r
    e
    e
    n
    ;
    }
    .
    d
    a
    r
    k
    _
    y
    e
    l
    l
    o
    w
    .
    j
    s
    x
    -
    3
    8
    4
    8
    5
    9
    9
    5
    2
    6
    {
    b
    a
    c
    k
    g
    r
    o
    u
    n
    d
    :
    y
    e
    l
    l
    o
    w
    ;
    }
    .
    d
    a
    r
    k
    _
    b
    l
    u
    e
    .
    j
    s
    x
    -
    3
    8
    4
    8
    5
    9
    9
    5
    2
    6
    {
    b
    a
    c
    k
    g
    r
    o
    u
    n
    d
    :
    b
    l
    u
    e
    ;
    }
    .
    p
    l
    a
    y
    a
    b
    l
    e
    -
    c
    o
    i
    n
    .
    j
    s
    x
    -
    3
    8
    4
    8
    5
    9
    9
    5
    2
    6
    {
    b
    o
    r
    d
    e
    r
    :
    2
    p
    x
     
    s
    o
    l
    i
    d
     
    w
    h
    i
    t
    e
    ;
    b
    o
    x
    -
    s
    h
    a
    d
    o
    w
    :
    0
     
    2
    p
    x
     
    1
    0
    p
    x
     
    0
     
    r
    g
    b
    a
    (
    0
    ,
    0
    ,
    0
    ,
    0
    .
    1
    6
    )
    ;
    -
    w
    e
    b
    k
    i
    t
    -
    a
    n
    i
    m
    a
    t
    i
    o
    n
    -
    n
    a
    m
    e
    :
    e
    x
    a
    m
    p
    l
    e
    -
    j
    s
    x
    -
    3
    8
    4
    8
    5
    9
    9
    5
    2
    6
    ;
    a
    n
    i
    m
    a
    t
    i
    o
    n
    -
    n
    a
    m
    e
    :
    e
    x
    a
    m
    p
    l
    e
    -
    j
    s
    x
    -
    3
    8
    4
    8
    5
    9
    9
    5
    2
    6
    ;
    -
    w
    e
    b
    k
    i
    t
    -
    a
    n
    i
    m
    a
    t
    i
    o
    n
    -
    d
    u
    r
    a
    t
    i
    o
    n
    :
    0
    .
    6
    s
    ;
    a
    n
    i
    m
    a
    t
    i
    o
    n
    -
    d
    u
    r
    a
    t
    i
    o
    n
    :
    0
    .
    6
    s
    ;
    -
    w
    e
    b
    k
    i
    t
    -
    a
    n
    i
    m
    a
    t
    i
    o
    n
    -
    i
    t
    e
    r
    a
    t
    i
    o
    n
    -
    c
    o
    u
    n
    t
    :
    i
    n
    f
    i
    n
    i
    t
    e
    ;
    a
    n
    i
    m
    a
    t
    i
    o
    n
    -
    i
    t
    e
    r
    a
    t
    i
    o
    n
    -
    c
    o
    u
    n
    t
    :
    i
    n
    f
    i
    n
    i
    t
    e
    ;
    c
    u
    r
    s
    o
    r
    :
    p
    o
    i
    n
    t
    e
    r
    ;
    }
    @
    -
    w
    e
    b
    k
    i
    t
    -
    k
    e
    y
    f
    r
    a
    m
    e
    s
     
    e
    x
    a
    m
    p
    l
    e
    -
    j
    s
    x
    -
    3
    8
    4
    8
    5
    9
    9
    5
    2
    6
    {
    0
    %
    {
    o
    p
    a
    c
    i
    t
    y
    :
    0
    %
    ;
    }
    2
    5
    %
    {
    o
    p
    a
    c
    i
    t
    y
    :
    2
    5
    %
    ;
    }
    5
    0
    %
    {
    o
    p
    a
    c
    i
    t
    y
    :
    5
    0
    %
    ;
    }
    7
    5
    %
    {
    o
    p
    a
    c
    i
    t
    y
    :
    7
    5
    %
    ;
    }
    1
    0
    0
    %
    {
    o
    p
    a
    c
    i
    t
    y
    :
    1
    0
    0
    %
    ;
    }
    }
    @
    k
    e
    y
    f
    r
    a
    m
    e
    s
     
    e
    x
    a
    m
    p
    l
    e
    -
    j
    s
    x
    -
    3
    8
    4
    8
    5
    9
    9
    5
    2
    6
    {
    0
    %
    {
    o
    p
    a
    c
    i
    t
    y
    :
    0
    %
    ;
    }
    2
    5
    %
    {
    o
    p
    a
    c
    i
    t
    y
    :
    2
    5
    %
    ;
    }
    5
    0
    %
    {
    o
    p
    a
    c
    i
    t
    y
    :
    5
    0
    %
    ;
    }
    7
    5
    %
    {
    o
    p
    a
    c
    i
    t
    y
    :
    7
    5
    %
    ;
    }
    1
    0
    0
    %
    {
    o
    p
    a
    c
    i
    t
    y
    :
    1
    0
    0
    %
    ;
    }
    }
  </JSXStyle>
</button>"
`;
