// Jest Snapshot v1, https://goo.gl/fbAQLP

exports[`Coin should render properly 1`] = `
"<div className=\\"jsx-2045488686 coin dark_\\">
  <JSXStyle id=\\"2045488686\\">
    .
    c
    o
    i
    n
    .
    j
    s
    x
    -
    2
    0
    4
    5
    4
    8
    8
    6
    8
    6
    {
    w
    i
    d
    t
    h
    :
    8
    0
    %
    ;
    h
    e
    i
    g
    h
    t
    :
    8
    0
    %
    ;
    b
    o
    r
    d
    e
    r
    -
    r
    a
    d
    i
    u
    s
    :
    5
    0
    %
    ;
    m
    a
    r
    g
    i
    n
    :
    1
    0
    %
    ;
    b
    o
    r
    d
    e
    r
    :
    1
    p
    x
     
    s
    o
    l
    i
    d
     
    #
    e
    e
    e
    e
    e
    e
    ;
    }
    .
    d
    a
    r
    k
    _
    r
    e
    d
    .
    j
    s
    x
    -
    2
    0
    4
    5
    4
    8
    8
    6
    8
    6
    {
    b
    a
    c
    k
    g
    r
    o
    u
    n
    d
    :
    r
    e
    d
    ;
    }
    .
    d
    a
    r
    k
    _
    g
    r
    e
    e
    n
    .
    j
    s
    x
    -
    2
    0
    4
    5
    4
    8
    8
    6
    8
    6
    {
    b
    a
    c
    k
    g
    r
    o
    u
    n
    d
    :
    g
    r
    e
    e
    n
    ;
    }
    .
    d
    a
    r
    k
    _
    y
    e
    l
    l
    o
    w
    .
    j
    s
    x
    -
    2
    0
    4
    5
    4
    8
    8
    6
    8
    6
    {
    b
    a
    c
    k
    g
    r
    o
    u
    n
    d
    :
    y
    e
    l
    l
    o
    w
    ;
    }
    .
    d
    a
    r
    k
    _
    b
    l
    u
    e
    .
    j
    s
    x
    -
    2
    0
    4
    5
    4
    8
    8
    6
    8
    6
    {
    b
    a
    c
    k
    g
    r
    o
    u
    n
    d
    :
    b
    l
    u
    e
    ;
    }
  </JSXStyle>
</div>"
`;
